P I T T S B U R G H 	(cen5-fejs-b)
H O W E L L 	(cen1-fbbh-b)
C I N D Y 	(cen2-fclc-b)
F I N D L E Y D R I V E 	(cen4-fejs-b)
M A R N E L L 	(cen1-fjam-b)
J E N N I F E R 	(cen2-fjdn-b)
S P R I N G H O U S E 	(cen4-fjmd-b)
P I T T S B U R G H 	(cen5-fkai-b)
M A C A L U S O 	(cen1-flmm2-b)
M A R G A R E T 	(cen4-flrp-b)
P I T T S B U R G H 	(cen5-fmjc-b)
V E C C H I 	(cen1-fnsv-b)
P H Y L L I S 	(cen2-fplp-b)
T A N G L E W Y L D E 	(cen4-fsaf2-b)
P I T T S B U R G H 	(cen5-fsrb-b)
J E T T 	(cen1-ftmj-b)
W H I T N E Y 	(cen2-fwxs-b)
M I D W O O D 	(cen4-mblb-b)
P G H 	(cen5-mblw-b)
L A M P S O N 	(cen1-mcel-b)
C H R I S 	(cen2-mcen-b)
L O N G V I E W 	(cen4-mcfl-b)
P I T T S B U R G H 	(cen5-mcrt-b)
S T E E R E 	(cen1-mdcs-b)
D O N A L D 	(cen2-mdcs2-b)
H I G H L A N D 	(cen4-mdmc-b)
I T H A C A 	(cen5-mdxn-b)
B L A C K W O O D 	(cen1-meab-b)
E R I C 	(cen2-meht-b)
E A S T E N D A V E 	(cen4-mema-b)
A L L E V A 	(cen1-mfaa-b)
G L E N N 	(cen2-mgah-b)
E L G I N 	(cen4-mjbh-b)
P I T T S B U R G H 	(cen5-mjda-b)
S W A R T Z 	(cen1-mjes-b)
S P R I N G H O U S E L A N E 	(cen4-mjgk-b)
S K E E S 	(cen1-mjjs2-b)
K A R L 	(cen2-mkdb-b)
C M U 	(cen4-mkem-b)
P I T T S B U R G H 	(cen5-mmaf-b)
P U S K A R 	(cen1-mmap-b)
M I C H A E L 	(cen2-mmdg-b)
P I N E H U R S T 	(cen4-mmkw-b)
B R O O M A L L 	(cen5-mmsh-b)
E F R O M 	(cen1-mnfe-b)
N A T H A N 	(cen2-mnjl-b)
Z E L I E N O P L E 	(cen5-mrab-b)
C L O U T I E R 	(cen1-mrjc2-b)
R I C H A R D 	(cen2-mrmg-b)
M A R G A R E T 	(cen4-mscg2-b)
P I T T S B U R G H 	(cen5-msct-b)
R O Z E V E L D 	(cen1-msjr-b)
S T E V E N 	(cen2-mskh-b)
S T E V E 	(cen2-msrb-b)
S L E E P Y H O L L O W 	(cen4-mtcv-b)
P I T T S B U R G H 	(cen5-mtje-b)
J O H N S O N 	(cen1-mtxj-b)
W A Y N E 	(cen2-mwhw-b)
