YES 	(an251-fash-b)
NO 	(an90-fbbh-b)
ENTER NINE EIGHTY NINE 	(an149-fclc-b)
GO 	(an38-fejs-b)
ENTER FIVE 	(an291-ffmm-b)
SEPTEMBER FIFTEENTH NINETEEN SIXTY FIVE 	(cen8-ffmm-b)
SIX SIX FOUR SEVEN TWO NINE THREE 	(cen7-fjam-b)
ENTER FIFTEEN 	(an125-fjdn-b)
NO 	(an6-fjmd-b)
ENTER FIFTY ONE 	(an315-fkai-b)
GO 	(an132-fkdo-b)
EIGHT EIGHT TWO EIGHT ONE OH TWO 	(cen7-fkdo-b)
ENTER FOUR 	(an64-flmm2-b)
REPEAT 	(an24-flrp-b)
ENTER THIRTY FIVE 	(an119-fmjc-b)
NO 	(an191-fmjd-b)
REPEAT 	(an182-fnsv-b)
SIX SIX ONE FIVE ZERO SIX FOUR 	(cen7-fnsv-b)
EIGHT EIGHT FOUR ONE ZERO FIVE SEVEN 	(cen7-fplp-b)
NINE ONE FOUR THREE THREE SEVEN ONE EIGHT SIX NINE 	(cen7-fsaf2-b)
THIRTY TWO THIRTY ONE 	(cen3-fsrb-b)
ENTER SEVEN SEVEN 	(an327-ftal-b)
TEN ONE SIXTY EIGHT 	(cen8-ftal-b)
ONE FIVE TWO ONE EIGHT 	(cen6-ftmj-b)
YES 	(an225-fwxs-b)
ENTER FORTY THREE FORTY FIVE 	(an375-mblb-b)
ENTER SIXTY 	(an3-mblw-b)
FOUR TWO TWO OH EIGHT ONE SIX 	(cen7-mblw-b)
ONE NINE THREE THREE FIVE 	(cen6-mbmg-b)
ENTER EIGHT ONE NINE SIX 	(an203-mcel-b)
START 	(an126-mcen-b)
FIVE TWO ONE SIXTY FIFTY FIVE 	(cen7-mcen-b)
ONE FOUR EIGHT TWO THREE 	(cen3-mcfl-b)
ENTER NINETY FOUR 	(an142-mcrt-b)
THREE SIX THREE OH NINE SIX TWO 	(cen7-mcrt-b)
REPEAT 	(an234-mcsc-b)
THREE TWELVE FIFTY EIGHT 	(cen8-mcsc-b)
AUGUST SIXTEENTH NINETEEN SIXTY FIVE 	(cen8-mdcs-b)
FIVE TEN 	(cen3-mdmc-b)
ENTER FORTY ONE 	(an108-mdxn-b)
SEVEN FIFTEEN NINETEEN SEVENTY 	(cen8-mdxn-b)
THREE SEVENTY ONE 	(cen3-mdxs-b)
THREE ONE TWO 	(cen3-meab-b)
NO 	(an67-meht-b)
FOUR ONE TWO FIVE TWO ONE TWO EIGHT TWO FOUR 	(cen7-meht-b)
SEVEN THREE ZERO 	(cen3-mema-b)
REPEAT 	(an259-mewl-b)
FIVE SIX THREE ONE 	(cen3-mfaa-b)
ENTER FOUR TWENTY ONE 	(an197-mgah-b)
ONE FIVE TWO ONE THREE 	(cen6-mgah-b)
STOP 	(an249-mjbh-b)
SEVEN TWENTY NINE FIFTY EIGHT 	(cen8-mjbh-b)
ONE FIVE TWO TWO ONE 	(cen6-mjda-b)
ONE FIVE TWO ONE THREE 	(cen6-mjdr-b)
THIRTY 	(cen3-mjes-b)
STOP 	(an218-mjgk-b)
JUNE TWENTY THIRD NINETEEN SIXTY NINE 	(cen8-mjgk-b)
SEVEN SEVENTEEN FIFTY SEVEN 	(cen8-mjhp-b)
FOUR TWO TWO ZERO SEVEN NINE ONE 	(cen7-mjjs2-b)
ONE FIVE TWO ONE SEVEN 	(cen6-mkdb-b)
ONE FIVE TWO ONE THREE 	(cen6-mkem-b)
ENTER NINETY FIVE 	(an55-mmaf-b)
ENTER TWO OH FIVE 	(an323-mmal-b)
SIX EIGHT ONE SEVEN SEVEN FIVE TWO 	(cen7-mmal-b)
SIX THIRTY 	(cen3-mmap-b)
ENTER SIX ONE TWO FIVE 	(an338-mmdg-b)
FOUR ONE TWO FIVE TWO ONE FIVE THREE THREE NINE 	(cen7-mmdg-b)
EIGHT OH THREE TWO THREE FOUR FIVE NINE SEVEN TWO 	(cen7-mmkw-b)
ONE NINE OH OH EIGHT 	(cen6-mmsh-b)
REPEAT 	(an390-mmtm-b)
HELP 	(an347-mnfe-b)
TWO SIX EIGHT FIVE FIVE TWO FOUR 	(cen7-mnfe-b)
ONE THOUSAND 	(cen3-mnjl-b)
ENTER TWO OH SEVEN 	(an73-mrab-b)
NO 	(an102-mrcb-b)
AREA CODE FOUR ONE TWO FOUR TWO TWO ONE TWO TWO FIVE 	(cen7-mrcb-b)
ENTER NINE SEVENTY TWO 	(an240-mrjc2-b)
ENTER TWO 	(an281-mrmg-b)
TWO FOUR TWO TWO NINE ONE TWO 	(cen7-mrmg-b)
FIVE ONE ONE FIVE 	(cen3-mscg2-b)
ENTER TWENTY NINE 	(an343-msct-b)
REPEAT 	(an226-msjm-b)
FOUR EIGHT SIX THREE NINE FIVE OH 	(cen7-msjm-b)
EIGHT FORTY ONE 	(cen3-msjr-b)
YES 	(an96-mskh-b)
SIX SIX ONE NINE EIGHT EIGHT FOUR 	(cen7-mskh-b)
ENTER NINE 	(an331-msrb-b)
TWO SEVEN NINE TWO THREE TWO FOUR 	(cen7-msrb-b)
FOUR FOUR FOUR EIGHT FOUR 	(cen6-mtcv-b)
FOUR OH ONE 	(cen3-mtje-b)
ONE FIVE TWO ONE THREE 	(cen6-mtos-b)
STOP 	(an379-mtxj-b)
OCTOBER TWENTY THIRD NINETEEN SIXTY SEVEN 	(cen8-mtxj-b)
SIX TWO FIVE ONE FIVE SIX FOUR 	(cen7-mwhw-b)
