YES 	(an251-fash-b)
GO 	(an253-fash-b)
YES 	(an254-fash-b)
U M N Y H SIX 	(an255-fash-b)
H I N I C H 	(cen1-fash-b)
A M Y 	(cen2-fash-b)
M O R E W O O D 	(cen4-fash-b)
P I T T S B U R G H 	(cen5-fash-b)
TWO SIX EIGHT FOUR FOUR ONE EIGHT 	(cen7-fash-b)
C Z D Z W EIGHT 	(an86-fbbh-b)
ENTER SIX TWO FOUR 	(an87-fbbh-b)
ERASE O T H F I FIVE ZERO 	(an88-fbbh-b)
RUBOUT T G J W B SEVENTY NINE FIFTY NINE 	(an89-fbbh-b)
NO 	(an90-fbbh-b)
H O W E L L 	(cen1-fbbh-b)
B E V E R L Y 	(cen2-fbbh-b)
FIFTY ONE FIFTY SIX 	(cen3-fbbh-b)
P R I N C E 	(cen4-fbbh-b)
G I B S O N I A 	(cen5-fbbh-b)
ONE FIVE OH FOUR FOUR 	(cen6-fbbh-b)
FOUR FOUR THREE SIX THREE ONE TWO 	(cen7-fbbh-b)
MARCH THIRD NINETEEN TWENTY EIGHT 	(cen8-fbbh-b)
N L N S ONE SEVENTY FIVE 	(an146-fclc-b)
Q E E A SIX 	(an147-fclc-b)
ERASE O J T K S THIRTY FIVE 	(an148-fclc-b)
ENTER NINE EIGHTY NINE 	(an149-fclc-b)
ERASE C K C W FOURTEEN EIGHTY FIVE 	(an150-fclc-b)
C O N N E L L Y 	(cen1-fclc-b)
C I N D Y 	(cen2-fclc-b)
FIVE FIVE THREE FIVE 	(cen3-fclc-b)
A Y L E S B O R O 	(cen4-fclc-b)
P I T T S B U R G H 	(cen5-fclc-b)
ONE FIVE TWO ONE SEVEN 	(cen6-fclc-b)
SIX EIGHT SEVEN FIVE EIGHT OH EIGHT 	(cen7-fclc-b)
JUNE ELEVENTH NINETEEN SIXTY SEVEN 	(cen8-fclc-b)
RUBOUT C Y R B SEVEN EIGHT 	(an36-fejs-b)
ERASE J G Q Y EIGHT SIX ONE 	(an37-fejs-b)
GO 	(an38-fejs-b)
G C D O FOUR 	(an39-fejs-b)
Z I R K SIX FOUR FOUR 	(an40-fejs-b)
S C A V I N C K Y 	(cen1-fejs-b)
J E A N 	(cen2-fejs-b)
ONE ZERO SIX FIVE 	(cen3-fejs-b)
F I N D L E Y D R I V E 	(cen4-fejs-b)
P I T T S B U R G H 	(cen5-fejs-b)
ONE FIVE TWO TWO ONE 	(cen6-fejs-b)
TWO SIX EIGHT THREE EIGHT ZERO TWO 	(cen7-fejs-b)
TWO FIFTEEN SIXTY TWO 	(cen8-fejs-b)
ENTER FIVE 	(an291-ffmm-b)
ENTER SEVENTY EIGHT 	(an292-ffmm-b)
K L M U FIVE TWO SEVEN FOUR 	(an293-ffmm-b)
H B G L SEVENTY SEVEN 	(an294-ffmm-b)
V A D R THIRTY ONE OH SEVEN 	(an295-ffmm-b)
M O D U G N O 	(cen1-ffmm-b)
F R A N C E S M A R Y 	(cen2-ffmm-b)
FIFTY SIX THIRTY TWO 	(cen3-ffmm-b)
P H I L L I P S 	(cen4-ffmm-b)
P I T T S B U R G H 	(cen5-ffmm-b)
ONE FIVE TWO ONE SEVEN 	(cen6-ffmm-b)
FOUR ONE TWO FOUR TWO ONE EIGHT EIGHT NINE SIX 	(cen7-ffmm-b)
SEPTEMBER FIFTEENTH NINETEEN SIXTY FIVE 	(cen8-ffmm-b)
YES 	(an76-fjam-b)
ERASE V X S X TWO FOUR NINE NINE 	(an77-fjam-b)
R Q Z H FOUR 	(an78-fjam-b)
RUBOUT J U I P THREE TWO EIGHT 	(an79-fjam-b)
STOP 	(an80-fjam-b)
M A R N E L L 	(cen1-fjam-b)
J U L I E 	(cen2-fjam-b)
SEVEN FIFTY FIVE 	(cen3-fjam-b)
M E M O R Y L A N E 	(cen4-fjam-b)
M C K E E S P O R T 	(cen5-fjam-b)
ONE FIVE ONE THREE THREE 	(cen6-fjam-b)
SIX SIX FOUR SEVEN TWO NINE THREE 	(cen7-fjam-b)
MAY TWENTY FIRST NINETEEN SIXTY 	(cen8-fjam-b)
HELP 	(an121-fjdn-b)
ENTER EIGHT TWO FOUR TWO 	(an122-fjdn-b)
ENTER FIFTY FOUR 	(an123-fjdn-b)
RUBOUT O Q I M I THIRTY TWO 	(an124-fjdn-b)
ENTER FIFTEEN 	(an125-fjdn-b)
N E L S O N 	(cen1-fjdn-b)
J E N N I F E R 	(cen2-fjdn-b)
THIRTY THREE 	(cen3-fjdn-b)
K U N T Z 	(cen4-fjdn-b)
B E R K E L E Y 	(cen5-fjdn-b)
OH SEVEN NINE TWO TWO 	(cen6-fjdn-b)
TWO OH ONE FOUR SIX FOUR SIX OH EIGHT THREE 	(cen7-fjdn-b)
MARCH TWENTIETH NINETEEN SEVENTY 	(cen8-fjdn-b)
G TWO EIGHTY NINE 	(an10-fjmd-b)
NO 	(an6-fjmd-b)
O U FOUR SEVEN TWENTY NINE 	(an7-fjmd-b)
B SEVEN TWENTY FIVE 	(an8-fjmd-b)
J FOUR THIRTY THREE 	(an9-fjmd-b)
D R A V K 	(cen1-fjmd-b)
J E A N E T T E 	(cen2-fjmd-b)
ONE TEN 	(cen3-fjmd-b)
S P R I N G H O U S E 	(cen4-fjmd-b)
W R I G H T S V I L L E 	(cen5-fjmd-b)
ONE SEVEN THREE SIX EIGHT 	(cen6-fjmd-b)
TWO FIVE TWO TWO OH TWO NINE 	(cen7-fjmd-b)
ELEVEN NINE SIXTY EIGHT 	(cen8-fjmd-b)
ERASE I S L F THIRTY EIGHT 	(an311-fkai-b)
ERASE Z Y G N P EIGHT HUNDRED AND TWENTY THREE 	(an312-fkai-b)
ERASE T M A Z X TWO THOUSAND FIVE HUNDRED AND FIFTY TWO 	(an313-fkai-b)
A M S J SEVEN THOUSAND ONE HUNDRED AND EIGHTY SIX 	(an314-fkai-b)
ENTER FIFTY ONE 	(an315-fkai-b)
I V A R S O N 	(cen1-fkai-b)
K A R L A 	(cen2-fkai-b)
ONE THOUSAND 	(cen3-fkai-b)
M O R E W O O D 	(cen4-fkai-b)
P I T T S B U R G H 	(cen5-fkai-b)
ONE FIVE TWO ONE SEVEN 	(cen6-fkai-b)
FOUR FOUR FOUR SEVEN 	(cen7-fkai-b)
OCTOBER FIRST NINETEEN SIXTY NINE 	(cen8-fkai-b)
RUBOUT W L F X Y SEVEN OH SIX NINE 	(an131-fkdo-b)
GO 	(an132-fkdo-b)
REPEAT 	(an133-fkdo-b)
STOP 	(an134-fkdo-b)
RUBOUT U T F F EIGHT 	(an135-fkdo-b)
O L A C K 	(cen1-fkdo-b)
K A R E N 	(cen2-fkdo-b)
TWO TWO NINE THREE 	(cen3-fkdo-b)
A L M O N T 	(cen4-fkdo-b)
P I T T S B U R G H 	(cen5-fkdo-b)
ONE FIVE TWO ONE OH 	(cen6-fkdo-b)
EIGHT EIGHT TWO EIGHT ONE OH TWO 	(cen7-fkdo-b)
FIVE TWENTY SIX FORTY FIVE 	(cen8-fkdo-b)
ENTER SEVEN OH THREE EIGHT 	(an61-flmm2-b)
ENTER FIVE ZERO 	(an62-flmm2-b)
ENTER FIVE THREE FOUR THREE 	(an63-flmm2-b)
ENTER FOUR 	(an64-flmm2-b)
X G I C TWO 	(an65-flmm2-b)
M A C A L U S O 	(cen1-flmm2-b)
L I N D A 	(cen2-flmm2-b)
THREE FOUR EIGHT ZERO 	(cen3-flmm2-b)
M E A D O W G A T E D R I V E 	(cen4-flmm2-b)
ONE FIVE SIX SIX EIGHT 	(cen6-flmm2-b)
THREE TWO SEVEN ONE SIX NINE FIVE 	(cen7-flmm2-b)
THIRTY ONE J A N U A R Y ONE NINE SEVEN ZERO 	(cen8-flmm2-b)
S Z K W W TWO THIRTY SEVEN 	(an21-flrp-b)
Z C B E G SEVENTY NINE 	(an2121-flrp-b)
YES 	(an22-flrp-b)
RUBOUT Z Y T L FIFTY ONE 	(an23-flrp-b)
REPEAT 	(an24-flrp-b)
RUBOUT O G D E FOUR SEVEN FIVE SEVEN 	(an25-flrp-b)
P O M E R A N T Z 	(cen1-flrp-b)
L I N D A 	(cen2-flrp-b)
FIFTY ONE FIFTEEN 	(cen3-flrp-b)
M A R G A R E T 	(cen4-flrp-b)
P I T T S B U R G H 	(cen5-flrp-b)
ONE FIVE TWO ONE THREE 	(cen6-flrp-b)
TWO SIX EIGHT FIVE NINE FIVE TWO 	(cen7-flrp-b)
THREE TWENTY SEVEN SIXTY EIGHT 	(cen8-flrp-b)
O A M J ONE FIVE THREE 	(an116-fmjc-b)
RUBOUT M N Z L THREE SEVEN SEVEN 	(an117-fmjc-b)
RUBOUT J L Y Z TWO 	(an118-fmjc-b)
ENTER THIRTY FIVE 	(an119-fmjc-b)
RUBOUT Y Y F X ZERO 	(an120-fmjc-b)
C E L L I O 	(cen1-fmjc-b)
M O N I C A 	(cen2-fmjc-b)
FIVE SIX ONE FIVE 	(cen3-fmjc-b)
H O B A R T 	(cen4-fmjc-b)
P I T T S B U R G H 	(cen5-fmjc-b)
ONE FIVE TWO ONE SEVEN 	(cen6-fmjc-b)
FOUR TWO ONE OH FOUR FIVE ONE 	(cen7-fmjc-b)
NINE TWENTY THREE SIXTY THREE 	(cen8-fmjc-b)
NO 	(an191-fmjd-b)
ERASE E O A C U THREE 	(an192-fmjd-b)
ERASE Y B E J Q FIVE OH SEVEN 	(an193-fmjd-b)
P T Q D Q ONE 	(an194-fmjd-b)
I D M H SEVEN EIGHT FIVE 	(an195-fmjd-b)
D O W L I N G 	(cen1-fmjd-b)
M A R Y J O 	(cen2-fmjd-b)
SIX FIVE THREE FOUR 	(cen3-fmjd-b)
D A L Z E L L 	(cen4-fmjd-b)
P I T T S B U R G H 	(cen5-fmjd-b)
ONE FIVE TWO ONE SEVEN 	(cen6-fmjd-b)
FOUR TWO ONE OH ONE NINE SIX 	(cen7-fmjd-b)
SEVEN FOURTEEN SIXTY ONE 	(cen8-fmjd-b)
A V M U FOUR FORTY TWO 	(an181-fnsv-b)
REPEAT 	(an182-fnsv-b)
O L K F FIVE FORTY FIVE 	(an183-fnsv-b)
NO 	(an184-fnsv-b)
HELP 	(an185-fnsv-b)
V E C C H I 	(cen1-fnsv-b)
N I C O L E 	(cen2-fnsv-b)
FIFTY SIX OH FIVE 	(cen3-fnsv-b)
E L L S W O R T H 	(cen4-fnsv-b)
P I T T S B U R G H 	(cen5-fnsv-b)
ONE FIVE TWO THREE TWO 	(cen6-fnsv-b)
SIX SIX ONE FIVE ZERO SIX FOUR 	(cen7-fnsv-b)
JANUARY FIFTEENTH NINETEEN SIXTY THREE 	(cen8-fnsv-b)
ERASE M Y A M SEVEN 	(an91-fplp-b)
RUBOUT N X F E EIGHT NINE SIX 	(an92-fplp-b)
STOP 	(an93-fplp-b)
ERASE R B D K T FIFTY 	(an94-fplp-b)
RUBOUT F M Q N H THREE SEVENTY 	(an95-fplp-b)
P O M E R A N T Z 	(cen1-fplp-b)
P H Y L L I S 	(cen2-fplp-b)
ONE TWO FOUR ONE 	(cen3-fplp-b)
E A R L F O R D 	(cen4-fplp-b)
P I T T S B U R G H 	(cen5-fplp-b)
ONE FIVE TWO TWO SEVEN 	(cen6-fplp-b)
EIGHT EIGHT FOUR ONE ZERO FIVE SEVEN 	(cen7-fplp-b)
SIX SEVENTEEN THIRTY SIX 	(cen8-fplp-b)
V Q D B FORTY NINE HUNDRED 	(an296-fsaf2-b)
W C V Y H SEVENTY SEVEN FORTY FOUR 	(an297-fsaf2-b)
REPEAT 	(an298-fsaf2-b)
ERASE N T D I C FIVE NINE ONE 	(an299-fsaf2-b)
RUBOUT S H K J FIVE SEVEN SIX 	(an300-fsaf2-b)
F A R R E L L Y 	(cen1-fsaf2-b)
S H E I L A 	(cen2-fsaf2-b)
ONE TWENTY 	(cen3-fsaf2-b)
T A N G L E W Y L D E 	(cen4-fsaf2-b)
B R O N X V I L L E 	(cen5-fsaf2-b)
ONE OH SEVEN OH EIGHT 	(cen6-fsaf2-b)
NINE ONE FOUR THREE THREE SEVEN ONE EIGHT SIX NINE 	(cen7-fsaf2-b)
FIVE SIXTEEN SIXTY NINE 	(cen8-fsaf2-b)
A A I L ZERO 	(an166-fsrb-b)
ENTER FORTY SEVEN FORTY SEVEN 	(an167-fsrb-b)
RUBOUT L D R W TWENTY SIX 	(an168-fsrb-b)
ENTER SIXTY ONE 	(an169-fsrb-b)
ENTER FOUR FIFTY SIX 	(an170-fsrb-b)
B U R K S 	(cen1-fsrb-b)
S H A R O N 	(cen2-fsrb-b)
THIRTY TWO THIRTY ONE 	(cen3-fsrb-b)
A R A P A H O E 	(cen4-fsrb-b)
P I T T S B U R G H 	(cen5-fsrb-b)
ONE FIVE TWO FOUR ONE 	(cen6-fsrb-b)
FOUR ONE TWO EIGHT THREE ONE NINE FIVE ONE THREE 	(cen7-fsrb-b)
DECEMBER EIGHTEENTH NINETEEN FORTY FOUR 	(cen8-fsrb-b)
STOP 	(an326-ftal-b)
ENTER SEVEN SEVEN 	(an327-ftal-b)
J S P S Z NINE SIX NINE 	(an328-ftal-b)
B Y V M EIGHT FOUR 	(an329-ftal-b)
ENTER TWO SIX 	(an330-ftal-b)
L E W I S 	(cen1-ftal-b)
T R A C Y 	(cen2-ftal-b)
FOUR OH THREE 	(cen3-ftal-b)
V A L E 	(cen4-ftal-b)
P I T T S B U R G H 	(cen5-ftal-b)
ONE FIVE TWO THREE NINE 	(cen6-ftal-b)
TWO SIX EIGHT THREE ZERO TWO SEVEN 	(cen7-ftal-b)
TEN ONE SIXTY EIGHT 	(cen8-ftal-b)
ENTER SIXTY SIX 	(an211-ftmj-b)
L Z R V FIFTY FIVE THIRTY FIVE 	(an212-ftmj-b)
RUBOUT P N A M X SEVENTY TWO 	(an213-ftmj-b)
ENTER SEVEN 	(an214-ftmj-b)
YES 	(an215-ftmj-b)
J E T T 	(cen1-ftmj-b)
T E R I N A 	(cen2-ftmj-b)
TWENTY TWO TWENTY SIX 	(cen3-ftmj-b)
H A W T H O R N E 	(cen4-ftmj-b)
S W I S S V A L E 	(cen5-ftmj-b)
ONE FIVE TWO ONE EIGHT 	(cen6-ftmj-b)
TWO SEVEN ONE ZERO EIGHT TWO SIX 	(cen7-ftmj-b)
JULY THIRTIETH NINETEEN SIXTY FIVE 	(cen8-ftmj-b)
G L L K H ONE 	(an221-fwxs-b)
HELP 	(an222-fwxs-b)
HELP 	(an223-fwxs-b)
J V P E EIGHT SEVEN ZERO 	(an224-fwxs-b)
YES 	(an225-fwxs-b)
S A T T E R F I E L D 	(cen1-fwxs-b)
W H I T N E Y 	(cen2-fwxs-b)
TWO TEN 	(cen3-fwxs-b)
O R C H A R D P L A C E 	(cen4-fwxs-b)
S E W I C K L E Y 	(cen5-fwxs-b)
ONE FIVE ONE FOUR THREE 	(cen6-fwxs-b)
SEVEN FOUR ONE OH FIVE NINE TWO 	(cen7-fwxs-b)
ERASE I G N M FORTY THREE SEVENTEEN 	(an371-mblb-b)
RUBOUT E U J O NINETY FIVE 	(an372-mblb-b)
K W Z A G TWO HUNDRED AND SIXTY SIX 	(an373-mblb-b)
ENTER THIRTY EIGHT SIXTY FIVE 	(an374-mblb-b)
ENTER FORTY THREE FORTY FIVE 	(an375-mblb-b)
B R U M I T T 	(cen1-mblb-b)
B A R R Y 	(cen2-mblb-b)
ONE TEN 	(cen3-mblb-b)
M I D W O O D 	(cen4-mblb-b)
W A T E R B U R Y 	(cen5-mblb-b)
OH SIX SEVEN OH EIGHT 	(cen6-mblb-b)
TWO OH THREE SEVEN FIVE SEVEN EIGHT EIGHT NINE NINE 	(cen7-mblb-b)
JULY TWELFTH NINETEEN SIXTY NINE 	(cen8-mblb-b)
X I SIXTY ONE 	(an1-mblw-b)
Z EIGHT OH TWO 	(an2-mblw-b)
ENTER SIXTY 	(an3-mblw-b)
ENTER SEVENTY TWO 	(an4-mblw-b)
REPEAT 	(an5-mblw-b)
W E I D E 	(cen1-mblw-b)
R O B E R T 	(cen2-mblw-b)
FORTY THREE TWENTY THREE 	(cen3-mblw-b)
L U D W I C K 	(cen4-mblw-b)
P G H 	(cen5-mblw-b)
ONE FIVE TWO ONE SEVEN 	(cen6-mblw-b)
FOUR TWO TWO OH EIGHT ONE SIX 	(cen7-mblw-b)
ONE SIXTEEN FORTY EIGHT 	(cen8-mblw-b)
ENTER FIFTY FOUR 	(an266-mbmg-b)
S U O U EIGHTY SIX 	(an267-mbmg-b)
ERASE S V N Y TEN TEN 	(an268-mbmg-b)
RUBOUT C H Y D D OH 	(an269-mbmg-b)
ENTER ONE FORTY TWO 	(an270-mbmg-b)
G O T T I E R 	(cen1-mbmg-b)
B R I A N 	(cen2-mbmg-b)
THREE OH ONE 	(cen3-mbmg-b)
P A R K R O A D 	(cen4-mbmg-b)
D O W N I N G T O W N 	(cen5-mbmg-b)
ONE NINE THREE THREE FIVE 	(cen6-mbmg-b)
TWO ONE FIVE FOUR FIVE EIGHT FIVE FOUR SIX NINE 	(cen7-mbmg-b)
SEPTEMBER TWENTY SEVENTH NINETEEN SIXTY SEVEN 	(cen8-mbmg-b)
STOP 	(an201-mcel-b)
REPEAT 	(an202-mcel-b)
ENTER EIGHT ONE NINE SIX 	(an203-mcel-b)
START 	(an204-mcel-b)
RUBOUT F Y N P NINETY SEVEN 	(an205-mcel-b)
L A M P S O N 	(cen1-mcel-b)
C L A R K 	(cen2-mcel-b)
SIX THREE EIGHT 	(cen3-mcel-b)
G A R L A N D 	(cen4-mcel-b)
S U N N Y V A L E 	(cen5-mcel-b)
NINE FOUR OH EIGHT SIX 	(cen6-mcel-b)
TWELVE NINE OF SIXTY 	(cen8-mcel-b)
START 	(an126-mcen-b)
REPEAT 	(an127-mcen-b)
RUBOUT I T D K M FOUR SEVENTY ONE 	(an128-mcen-b)
ENTER SIXTY 	(an129-mcen-b)
HELP 	(an130-mcen-b)
N E W E L L 	(cen1-mcen-b)
C H R I S 	(cen2-mcen-b)
FIFTY EIGHT OH NINE AND A HALF 	(cen3-mcen-b)
H O B A R T 	(cen4-mcen-b)
P I T T S B U R G H 	(cen5-mcen-b)
ONE FIVE TWO THREE TWO 	(cen6-mcen-b)
FIVE TWO ONE SIXTY FIFTY FIVE 	(cen7-mcen-b)
THREE FOURTEEN SIXTY SEVEN 	(cen8-mcen-b)
START 	(an261-mcfl-b)
I P A C F TWO FIVE EIGHT 	(an262-mcfl-b)
RUBOUT I R D D J ONE 	(an263-mcfl-b)
GO 	(an264-mcfl-b)
YES 	(an265-mcfl-b)
F E D O R 	(cen1-mcfl-b)
C H R I S T O P H E R 	(cen2-mcfl-b)
ONE FOUR EIGHT TWO THREE 	(cen3-mcfl-b)
L O N G V I E W 	(cen4-mcfl-b)
N E W B U R Y 	(cen5-mcfl-b)
FOUR FOUR OH SIX FIVE 	(cen6-mcfl-b)
SIX FOUR FIVE THREE THREE SIX FOUR 	(cen7-mcfl-b)
EIGHT FOURTEEN SIXTY FOUR 	(cen8-mcfl-b)
NO 	(an141-mcrt-b)
ENTER NINETY FOUR 	(an142-mcrt-b)
HELP 	(an143-mcrt-b)
RUBOUT F B M J SEVEN TEN 	(an144-mcrt-b)
ENTER SIX 	(an145-mcrt-b)
T A Y L O R 	(cen1-mcrt-b)
R O Y 	(cen2-mcrt-b)
THREE OH SIX 	(cen3-mcrt-b)
H A S T I N G S 	(cen4-mcrt-b)
P I T T S B U R G H 	(cen5-mcrt-b)
ONE FIVE TWO OH SIX 	(cen6-mcrt-b)
THREE SIX THREE OH NINE SIX TWO 	(cen7-mcrt-b)
SEVEN MAY NINETEEN FORTY FOUR 	(cen8-mcrt-b)
ENTER FIVE 	(an231-mcsc-b)
HELP 	(an232-mcsc-b)
GO 	(an233-mcsc-b)
REPEAT 	(an234-mcsc-b)
NO 	(an235-mcsc-b)
C A L I G I U R I 	(cen1-mcsc-b)
C H A R L E S 	(cen2-mcsc-b)
ONE ZERO ZERO SIX 	(cen3-mcsc-b)
T R E N T O N 	(cen4-mcsc-b)
P G H 	(cen5-mcsc-b)
ONE FIVE TWO TWO ONE 	(cen6-mcsc-b)
SEVEN THREE ONE ONE THREE THREE EIGHT 	(cen7-mcsc-b)
THREE TWELVE FIFTY EIGHT 	(cen8-mcsc-b)
ENTER FIFTY SIXTY THREE 	(an241-mdcs-b)
V W A B W TWO FOURTEEN 	(an242-mdcs-b)
REPEAT 	(an243-mdcs-b)
L R R K I FOUR 	(an244-mdcs-b)
RUBOUT U F Z Z SIXTY NINE 	(an245-mdcs-b)
S T E E R E 	(cen1-mdcs-b)
D A V I D 	(cen2-mdcs-b)
SIXTY THREE SIXTY FOUR AND A HALF 	(cen3-mdcs-b)
F O R W A R D 	(cen4-mdcs-b)
P I T T S B U R G H 	(cen5-mdcs-b)
ONE FIVE TWO ONE SEVEN 	(cen6-mdcs-b)
FOUR ONE TWO FOUR TWO TWO THREE FIVE SEVEN EIGHT 	(cen7-mdcs-b)
AUGUST SIXTEENTH NINETEEN SIXTY FIVE 	(cen8-mdcs-b)
P U X P I FIVE 	(an111-mdcs2-b)
F Y Z O TWO TWO TWO 	(an112-mdcs2-b)
RUBOUT H A X X N SIX SEVEN NINE ONE 	(an113-mdcs2-b)
L R L Y U SEVEN THREE 	(an114-mdcs2-b)
RUBOUT O K T L E TWO EIGHT ONE 	(an115-mdcs2-b)
S N O W 	(cen1-mdcs2-b)
D O N A L D 	(cen2-mdcs2-b)
FOURTEEN FOURTEEN 	(cen3-mdcs2-b)
S O U T H 	(cen4-mdcs2-b)
P I T T S B U R G 	(cen5-mdcs2-b)
ONE FIVE TWO ONE SEVEN 	(cen6-mdcs2-b)
FOUR TWO ONE SIX TWO EIGHT THREE 	(cen7-mdcs2-b)
SEPTEMBER FIRST NINETEEN SIXTY NINE 	(cen8-mdcs2-b)
RUBOUT Z O T F TWO 	(an206-mdmc-b)
RUBOUT H F D W Q SIX TWO TWO 	(an207-mdmc-b)
RUBOUT N B A K NINETY SIX 	(an208-mdmc-b)
R G C S SEVEN SIXTY SEVEN 	(an209-mdmc-b)
RUBOUT Z G D R G NINE NINE FOUR SIX 	(an210-mdmc-b)
C A R R E L 	(cen1-mdmc-b)
D A V I D 	(cen2-mdmc-b)
FIVE TEN 	(cen3-mdmc-b)
H I G H L A N D 	(cen4-mdmc-b)
P I T T S B U R G H 	(cen5-mdmc-b)
ONE FIVE TWO OH SIX 	(cen6-mdmc-b)
THREE SIX ONE ZERO ONE FIVE FIVE 	(cen7-mdmc-b)
NINTH OF SEPTEMBER NINETEEN SIXTY FOUR 	(cen8-mdmc-b)
ENTER ZERO 	(an106-mdxn-b)
T V A H FIFTY TWO FIFTY THREE 	(an107-mdxn-b)
ENTER FORTY ONE 	(an108-mdxn-b)
B V I Q G EIGHTY SIX 	(an109-mdxn-b)
ENTER SIXTY TWO THIRTY ONE 	(an110-mdxn-b)
N O O N B U R G 	(cen1-mdxn-b)
D E R E K 	(cen2-mdxn-b)
ONE OH SIX 	(cen3-mdxn-b)
C O N C O R D 	(cen4-mdxn-b)
I T H A C A 	(cen5-mdxn-b)
ONE FOUR EIGHT FIVE OH 	(cen6-mdxn-b)
TWO SIX EIGHT FOUR ONE SIX ONE 	(cen7-mdxn-b)
SEVEN FIFTEEN NINETEEN SEVENTY 	(cen8-mdxn-b)
YES 	(an26-mdxs-b)
X H B A C FIVE THREE FOUR FOUR 	(an27-mdxs-b)
START 	(an28-mdxs-b)
REPEAT 	(an29-mdxs-b)
NO 	(an30-mdxs-b)
S T O D O L S K Y 	(cen1-mdxs-b)
D A N I E L 	(cen2-mdxs-b)
THREE SEVENTY ONE 	(cen3-mdxs-b)
B O U Q U E T 	(cen4-mdxs-b)
P I T T S B U R G H 	(cen5-mdxs-b)
ONE FIVE TWO ONE THREE 	(cen6-mdxs-b)
FOUR ONE TWO SIX EIGHT SEVEN EIGHT EIGHT SEVEN ONE 	(cen7-mdxs-b)
JULY TWENTY NINE NINETEEN SIXTY NINE 	(cen8-mdxs-b)
ERASE W E S F TWENTY FOUR OH THREE 	(an136-meab-b)
RUBOUT G U K E V NINE 	(an137-meab-b)
J Z A P SEVENTEEN 	(an138-meab-b)
ENTER EIGHT THIRTY TWO 	(an139-meab-b)
RUBOUT R E F V S ONE FIVE THREE THREE 	(an140-meab-b)
B L A C K W O O D 	(cen1-meab-b)
E D W I N 	(cen2-meab-b)
THREE ONE TWO 	(cen3-meab-b)
B R A D D O C K 	(cen4-meab-b)
P I T T S B U R G H 	(cen5-meab-b)
ONE FIVE TWO TWO ONE 	(cen6-meab-b)
FOUR ONE TWO TWO FOUR TWO SIX SIX TWO SIX 	(cen7-meab-b)
SIX SIXTEEN SIXTY 	(cen8-meab-b)
ENTER FOUR THOUSAND EIGHT HUNDRED EIGHTY THREE 	(an66-meht-b)
NO 	(an67-meht-b)
F E G B FORTY EIGHT 	(an68-meht-b)
REPEAT 	(an69-meht-b)
NO 	(an70-meht-b)
T H A Y E R 	(cen1-meht-b)
E R I C 	(cen2-meht-b)
FIFTY SIX SIXTY NINE 	(cen3-meht-b)
B E A C O N 	(cen4-meht-b)
P I T T S B U R G H 	(cen5-meht-b)
ONE FIVE TWO ONE SEVEN 	(cen6-meht-b)
FOUR ONE TWO FIVE TWO ONE TWO EIGHT TWO FOUR 	(cen7-meht-b)
FOUR SEVEN SIXTY FOUR 	(cen8-meht-b)
REPEAT 	(an286-mema-b)
R H H U F TWO 	(an287-mema-b)
STOP 	(an288-mema-b)
ENTER NINE EIGHT NINE 	(an289-mema-b)
N G N N THREE NINE NINE 	(an290-mema-b)
A L T M A N N 	(cen1-mema-b)
E R I K 	(cen2-mema-b)
SEVEN THREE ZERO 	(cen3-mema-b)
E A S T E N D A V E 	(cen4-mema-b)
P G H 	(cen5-mema-b)
ONE FIVE TWO TWO ONE 	(cen6-mema-b)
TWO FOUR THREE EIGHT THREE TWO EIGHT 	(cen7-mema-b)
F E B ONE EIGHT ONE NINE SIX FOUR 	(cen8-mema-b)
NO 	(an256-mewl-b)
RUBOUT H W O N J FOUR THOUSAND SEVEN HUNDRED TWENTY THREE 	(an257-mewl-b)
ENTER FOURTEEN 	(an258-mewl-b)
REPEAT 	(an259-mewl-b)
B A I Q W EIGHT 	(an260-mewl-b)
L E U L I E T T E 	(cen1-mewl-b)
E R I C 	(cen2-mewl-b)
B O X EIGHT OH SEVEN 	(cen3-mewl-b)
FIVE ONE ONE FIVE M A R G A R E T 	(cen4-mewl-b)
P I T T S B U R G H 	(cen5-mewl-b)
ONE FIVE TWO ONE THREE 	(cen6-mewl-b)
TWO SIX EIGHT FOUR SIX FIVE EIGHT 	(cen7-mewl-b)
TWELVE FOUR SIXTY SEVEN 	(cen8-mewl-b)
H P D F T SIXTY THREE 	(an161-mfaa-b)
ERASE J N R G FORTY EIGHT 	(an162-mfaa-b)
ENTER NINETY EIGHT TWENTY EIGHT 	(an163-mfaa-b)
X E D V SEVEN 	(an164-mfaa-b)
Y F J K TWO EIGHT 	(an165-mfaa-b)
A L L E V A 	(cen1-mfaa-b)
F I L 	(cen2-mfaa-b)
FIVE SIX THREE ONE 	(cen3-mfaa-b)
W I L K I N S 	(cen4-mfaa-b)
P I T T S B U R G H 	(cen5-mfaa-b)
ONE FIVE TWO ONE SEVEN 	(cen6-mfaa-b)
FIVE TWO ONE OH TWO SIX EIGHT 	(cen7-mfaa-b)
TEN THIRTY ONE FIFTY EIGHT 	(cen8-mfaa-b)
ENTER SEVENTY ONE 	(an196-mgah-b)
ENTER FOUR TWENTY ONE 	(an197-mgah-b)
ENTER ONE NINETY SIX 	(an198-mgah-b)
NO 	(an199-mgah-b)
START 	(an200-mgah-b)
H O Y 	(cen1-mgah-b)
G L E N N 	(cen2-mgah-b)
ONE TWO ZERO 	(cen3-mgah-b)
R U S K I N 	(cen4-mgah-b)
P I T T S B U R G H 	(cen5-mgah-b)
ONE FIVE TWO ONE THREE 	(cen6-mgah-b)
SIX EIGHT THREE FIVE ZERO FOUR ONE 	(cen7-mgah-b)
AUGUST TWENTY SECOND NINETEEN SIXTY ONE 	(cen8-mgah-b)
HELP 	(an246-mjbh-b)
GO 	(an247-mjbh-b)
X Z I V Y ONE 	(an248-mjbh-b)
STOP 	(an249-mjbh-b)
YES 	(an250-mjbh-b)
H A M P S H I R E 	(cen1-mjbh-b)
J O H N 	(cen2-mjbh-b)
FIVE SIX FOUR ZERO 	(cen3-mjbh-b)
E L G I N 	(cen4-mjbh-b)
P I T T S B U R G H 	(cen5-mjbh-b)
ONE FIVE TWO ZERO SIX 	(cen6-mjbh-b)
TWO SIX EIGHT THREE ZERO SIX SIX 	(cen7-mjbh-b)
SEVEN TWENTY NINE FIFTY EIGHT 	(cen8-mjbh-b)
RUBOUT U G A M THIRTY NINE 	(an171-mjda-b)
ENTER EIGHT SEVENTY ONE 	(an172-mjda-b)
RUBOUT C T L E SEVENTY SIX TWELVE 	(an173-mjda-b)
ENTER FIVE 	(an174-mjda-b)
HELP 	(an175-mjda-b)
A S P N E S 	(cen1-mjda-b)
J A M E S 	(cen2-mjda-b)
SEVEN THIRTY 	(cen3-mjda-b)
E A S T E N D A V E N U E 	(cen4-mjda-b)
P I T T S B U R G H 	(cen5-mjda-b)
ONE FIVE TWO TWO ONE 	(cen6-mjda-b)
TWO SIX EIGHT THREE OH FIVE FOUR 	(cen7-mjda-b)
JANUARY TWELFTH NINETEEN SIXTY SIX 	(cen8-mjda-b)
E M B Z SIX EIGHT SIX 	(an16-mjdr-b)
ENTER FOUR FIFTY ONE 	(an18-mjdr-b)
RUBOUT O H G P D TWO NINE SEVEN SIX 	(an19-mjdr-b)
A T T G K EIGHTY FOUR 	(an20-mjdr-b)
R O S E N F E L D 	(cen1-mjdr-b)
J E F F 	(cen2-mjdr-b)
FOUR SEVEN TWO ZERO 	(cen3-mjdr-b)
C E N T R E A V E N U E 	(cen4-mjdr-b)
P I T T S B U R G H 	(cen5-mjdr-b)
ONE FIVE TWO ONE THREE 	(cen6-mjdr-b)
FOUR ONE TWO SIX EIGHT ONE ONE EIGHT FOUR TWO 	(cen7-mjdr-b)
OH SIX OH SEVEN SIX SIX 	(cen8-mjdr-b)
ERASE Q K X Y U ONE SIXTY TWO 	(an156-mjes-b)
ENTER THIRTY SEVEN 	(an157-mjes-b)
RUBOUT V E W Z SEVEN SEVENTY TWO 	(an158-mjes-b)
STOP 	(an159-mjes-b)
J C H E Q FIFTY EIGHT THOUSAND NINE THIRTY NINE 	(an160-mjes-b)
S W A R T Z 	(cen1-mjes-b)
J O N A T H A N 	(cen2-mjes-b)
THIRTY 	(cen3-mjes-b)
E A S T EIGHTY FIFTH S T R E E T 	(cen4-mjes-b)
N E W Y O R K 	(cen5-mjes-b)
ONE OH OH TWO EIGHT 	(cen6-mjes-b)
TWO ONE TWO FIVE SEVEN OH TWO SEVEN EIGHT FOUR 	(cen7-mjes-b)
AUGUST TWENTY SECOND NINETEEN SIXTY NINE 	(cen8-mjes-b)
V E R K E THIRTY FIVE THIRTY 	(an216-mjgk-b)
ENTER EIGHT SEVEN 	(an217-mjgk-b)
STOP 	(an218-mjgk-b)
GO 	(an219-mjgk-b)
ENTER THREE EIGHTY SIX 	(an220-mjgk-b)
K E A N E 	(cen1-mjgk-b)
J O S E P H 	(cen2-mjgk-b)
S P R I N G H O U S E L A N E 	(cen4-mjgk-b)
O APOSTROPHE H A R A 	(cen5-mjgk-b)
ONE FIVE TWO THREE EIGHT 	(cen6-mjgk-b)
FOUR TWO TWO TWO OH EIGHT NINE 	(cen7-mjgk-b)
JUNE TWENTY THIRD NINETEEN SIXTY NINE 	(cen8-mjgk-b)
ERASE X B M N T FOUR ONE OH NINE 	(an56-mjhp-b)
F K A U TWO FOUR 	(an57-mjhp-b)
ERASE E X X S ZERO 	(an58-mjhp-b)
A G L G A SIX FOUR NINE 	(an59-mjhp-b)
NO 	(an60-mjhp-b)
P O L I F R O N I 	(cen1-mjhp-b)
J O S E P H 	(cen2-mjhp-b)
ONE FIVE THREE TWO 	(cen3-mjhp-b)
A S B U R Y P L A C E 	(cen4-mjhp-b)
P I T T S B U R G H 	(cen5-mjhp-b)
ONE FIVE TWO ONE SEVEN 	(cen6-mjhp-b)
FOUR ONE TWO FIVE TWO ONE EIGHT TWO SIX OH 	(cen7-mjhp-b)
SEVEN SEVENTEEN FIFTY SEVEN 	(cen8-mjhp-b)
V L C Z TWENTY SIX 	(an176-mjjs2-b)
START 	(an177-mjjs2-b)
NO 	(an178-mjjs2-b)
ERASE Q E J Q T SEVENTY SEVEN 	(an179-mjjs2-b)
YES 	(an180-mjjs2-b)
S K E E S 	(cen1-mjjs2-b)
J A M E S 	(cen2-mjjs2-b)
A M P E R E 	(cen4-mjjs2-b)
P I T T S B U R G H 	(cen5-mjjs2-b)
ONE FIVE TWO ZERO SEVEN 	(cen6-mjjs2-b)
FOUR TWO TWO ZERO SEVEN NINE ONE 	(cen7-mjjs2-b)
FEBRUARY EIGHTH NINETEEN FIFTY TWO 	(cen8-mjjs2-b)
D S K U FOUR FIVE OH FIVE 	(an316-mkdb-b)
ENTER SEVEN 	(an317-mkdb-b)
ENTER FOUR 	(an318-mkdb-b)
RUBOUT R Z R V Z NINETY EIGHT 	(an319-mkdb-b)
E Z A K O EIGHT 	(an320-mkdb-b)
B E C H T E L 	(cen1-mkdb-b)
K A R L 	(cen2-mkdb-b)
FIFTY SEVEN FOURTEEN A 	(cen3-mkdb-b)
B E A C O N 	(cen4-mkdb-b)
P I T T S B U R G H 	(cen5-mkdb-b)
ONE FIVE TWO ONE SEVEN 	(cen6-mkdb-b)
FIVE TWO ONE FOUR NINE FIVE FOUR 	(cen7-mkdb-b)
MARCH TWENTY FIFTH NINETEEN SIXTY SEVEN 	(cen8-mkdb-b)
ERASE V R F O FIVE 	(an186-mkem-b)
ENTER ONE THIRTY ONE 	(an187-mkem-b)
U S I Q N SEVENTY ONE 	(an188-mkem-b)
STOP 	(an189-mkem-b)
RUBOUT U J M K NINE 	(an190-mkem-b)
M O H N K E R N 	(cen1-mkem-b)
K E N 	(cen2-mkem-b)
C M U 	(cen4-mkem-b)
P I T T S B U R G H 	(cen5-mkem-b)
ONE FIVE TWO ONE THREE 	(cen6-mkem-b)
THREE OH EIGHT FIVE 	(cen7-mkem-b)
MAY NINTH SIXTY TWO 	(cen8-mkem-b)
V F O F H NINE FOUR 	(an51-mmaf-b)
ENTER SEVEN 	(an52-mmaf-b)
ERASE B M E E THREE FIVE TWO 	(an53-mmaf-b)
START 	(an54-mmaf-b)
ENTER NINETY FIVE 	(an55-mmaf-b)
F R A N Z I N I 	(cen1-mmaf-b)
M I C H A E L 	(cen2-mmaf-b)
FIVE TWO SEVEN 	(cen3-mmaf-b)
S U M M E R L E A 	(cen4-mmaf-b)
P I T T S B U R G H 	(cen5-mmaf-b)
ONE FIVE TWO THREE TWO 	(cen6-mmaf-b)
FOUR FOUR ONE ONE SEVEN TWO FOUR 	(cen7-mmaf-b)
SEPTEMBER SIXTH NINETEEN SIXTY SEVEN 	(cen8-mmaf-b)
M M V Q D ONE EIGHT SEVEN 	(an321-mmal-b)
RUBOUT T B P B SIX 	(an322-mmal-b)
ENTER TWO OH FIVE 	(an323-mmal-b)
YES 	(an324-mmal-b)
GO 	(an325-mmal-b)
L U B I N S K I 	(cen1-mmal-b)
M A R K 	(cen2-mmal-b)
FIFTY THREE FORTY TWO 	(cen3-mmal-b)
B E E L E R 	(cen4-mmal-b)
P I T T S B U R G H 	(cen5-mmal-b)
ONE FIVE TWO ONE SEVEN 	(cen6-mmal-b)
SIX EIGHT ONE SEVEN SEVEN FIVE TWO 	(cen7-mmal-b)
TEN TWELVE SIXTY SEVEN 	(cen8-mmal-b)
STOP 	(an46-mmap-b)
ENTER SEVEN TWO ONE SIX 	(an47-mmap-b)
ENTER ONE NINE 	(an48-mmap-b)
N H O T Q TWO EIGHT THREE 	(an49-mmap-b)
P T K X ZERO 	(an50-mmap-b)
P U S K A R 	(cen1-mmap-b)
M A R K 	(cen2-mmap-b)
SIX THIRTY 	(cen3-mmap-b)
B R O A D H E A D R O A D 	(cen4-mmap-b)
C R A F T O N 	(cen5-mmap-b)
ONE FIVE TWO OH FIVE 	(cen6-mmap-b)
NINE TWO TWO SEVEN TWO TWO ZERO 	(cen7-mmap-b)
TWELVE TWENTY ONE FIFTY EIGHT 	(cen8-mmap-b)
G A B H TWO 	(an336-mmdg-b)
HELP 	(an337-mmdg-b)
ENTER SIX ONE TWO FIVE 	(an338-mmdg-b)
ENTER TWO FIVE FOUR SIX 	(an339-mmdg-b)
YES 	(an340-mmdg-b)
G R O S S M A N 	(cen1-mmdg-b)
M I C H A E L 	(cen2-mmdg-b)
SIX THREE TWO THREE 	(cen3-mmdg-b)
D O U G L A S 	(cen4-mmdg-b)
P I T T S B U R G H 	(cen5-mmdg-b)
ONE FIVE TWO ONE SEVEN 	(cen6-mmdg-b)
FOUR ONE TWO FIVE TWO ONE FIVE THREE THREE NINE 	(cen7-mmdg-b)
TWO TWENTY FOUR FORTY NINE 	(cen8-mmdg-b)
O A W F FIVE NINE 	(an361-mmkw-b)
V K Z O SIXTY TWO 	(an362-mmkw-b)
RUBOUT D Q T W X FIVE HUNDRED EIGHTY SEVEN 	(an363-mmkw-b)
HELP 	(an364-mmkw-b)
B J X K TWENTY THREE 	(an365-mmkw-b)
A G L G A SIX HUNDRED FORTY NINE 	(an59-mmkw-b)
W I L L I A M S 	(cen1-mmkw-b)
M A T T H E W 	(cen2-mmkw-b)
THREE TWO SEVEN 	(cen3-mmkw-b)
P I N E H U R S T 	(cen4-mmkw-b)
M A U L D I N 	(cen5-mmkw-b)
TWO NINE SIX SIX TWO 	(cen6-mmkw-b)
EIGHT OH THREE TWO THREE FOUR FIVE NINE SEVEN TWO 	(cen7-mmkw-b)
EIGHTEEN FEBRUARY NINETEEN SEVENTY 	(cen8-mmkw-b)
RUBOUT F X C W N FOUR 	(an381-mmsh-b)
RUBOUT E Z U A I FIFTEEN 	(an382-mmsh-b)
ENTER SIXTY ONE 	(an383-mmsh-b)
RUBOUT N Z X L THIRTY ONE 	(an384-mmsh-b)
GO 	(an385-mmsh-b)
H O F F R I C H T E R 	(cen1-mmsh-b)
M A R K 	(cen2-mmsh-b)
THREE FOUR FOUR 	(cen3-mmsh-b)
F I F T H A V E N U E 	(cen4-mmsh-b)
B R O O M A L L 	(cen5-mmsh-b)
ONE NINE OH OH EIGHT 	(cen6-mmsh-b)
SIX EIGHT THREE ONE FIVE FIVE EIGHT 	(cen7-mmsh-b)
APRIL THIRTIETH NINETEEN SIXTY NINE 	(cen8-mmsh-b)
ENTER SIX FOUR FIVE ONE 	(an386-mmtm-b)
Y W A A M TWO 	(an387-mmtm-b)
START 	(an388-mmtm-b)
RUBOUT X C Z T P FOUR 	(an389-mmtm-b)
REPEAT 	(an390-mmtm-b)
M A S O N 	(cen1-mmtm-b)
M A T T H E W 	(cen2-mmtm-b)
ONE ELEVEN 	(cen3-mmtm-b)
O L D B A R N D R I V E 	(cen4-mmtm-b)
V E R O N A 	(cen5-mmtm-b)
ONE FIVE ONE FOUR SEVEN 	(cen6-mmtm-b)
SEVEN NINE THREE FIVE FOUR TWO NINE 	(cen7-mmtm-b)
AUGUST TWENTY FOURTH NINETEEN FIFTY TWO 	(cen8-mmtm-b)
ERASE O T E B SEVENTY NINE 	(an346-mnfe-b)
HELP 	(an347-mnfe-b)
ENTER EIGHT TWENTY SEVEN 	(an348-mnfe-b)
RUBOUT R R N A A NINETY FOUR 	(an349-mnfe-b)
ENTER THREE 	(an350-mnfe-b)
E F R O M 	(cen1-mnfe-b)
N E I L 	(cen2-mnfe-b)
TEN SEVENTY ONE 	(cen3-mnfe-b)
M O R E W O O D 	(cen4-mnfe-b)
P I T T S B U R G H 	(cen5-mnfe-b)
ONE FIVE TWO ONE THREE 	(cen6-mnfe-b)
TWO SIX EIGHT FIVE FIVE TWO FOUR 	(cen7-mnfe-b)
FOUR TWENTY EIGHT SEVENTY ONE 	(cen8-mnfe-b)
ENTER EIGHTY NINE FORTY THREE 	(an81-mnjl-b)
RUBOUT T J J C L TWO 	(an82-mnjl-b)
ENTER SIX 	(an83-mnjl-b)
ENTER SEVEN THIRTY EIGHT 	(an84-mnjl-b)
RUBOUT A D E U Y THREE SIXTY FOUR 	(an85-mnjl-b)
L O O F B O U R R O W 	(cen1-mnjl-b)
N A T H A N 	(cen2-mnjl-b)
ONE THOUSAND 	(cen3-mnjl-b)
P I T T S B U R G H 	(cen5-mnjl-b)
ONE FIVE TWO ONE THREE 	(cen6-mnjl-b)
FOUR ONE TWO TWO SIX EIGHT FOUR FOUR SEVEN FOUR 	(cen7-mnjl-b)
TWELVE NINETEEN SIXTY NINE 	(cen8-mnjl-b)
G E E P C SEVEN ONE OH SEVEN 	(an71-mrab-b)
STOP 	(an72-mrab-b)
ENTER TWO OH SEVEN 	(an73-mrab-b)
RUBOUT Q Q Q P FORTY FIVE 	(an74-mrab-b)
ERASE C B J V C THIRTY FIVE 	(an75-mrab-b)
B R E N N A N 	(cen1-mrab-b)
R O B E R T 	(cen2-mrab-b)
ONE TWENTY TWO 	(cen3-mrab-b)
O A K D A L E D R I V E 	(cen4-mrab-b)
Z E L I E N O P L E 	(cen5-mrab-b)
ONE SIX OH SIX THREE 	(cen6-mrab-b)
FOUR FIVE TWO EIGHT FIVE ONE EIGHT 	(cen7-mrab-b)
THREE TWENTY EIGHT SIXTY ONE 	(cen8-mrab-b)
R E W Y EIGHT FIVE SIX 	(an101-mrcb-b)
NO 	(an102-mrcb-b)
ERASE G H X W FIVE ZERO FOUR EIGHT TWO 	(an103-mrcb-b)
START 	(an104-mrcb-b)
ENTER EIGHT FOUR 	(an105-mrcb-b)
B R O S T 	(cen1-mrcb-b)
R A N D Y 	(cen2-mrcb-b)
ONE TWO FIVE TWO 	(cen3-mrcb-b)
N E G L E Y 	(cen4-mrcb-b)
P I T T S B U R G H 	(cen5-mrcb-b)
ONE FIVE TWO ONE SEVEN 	(cen6-mrcb-b)
AREA CODE FOUR ONE TWO FOUR TWO TWO ONE TWO TWO FIVE 	(cen7-mrcb-b)
OCTOBER THIRTIETH NINETEEN SIXTY ONE 	(cen8-mrcb-b)
YES 	(an236-mrjc2-b)
ENTER SEVEN 	(an237-mrjc2-b)
STOP 	(an238-mrjc2-b)
D Y M H R SIXTY ONE 	(an239-mrjc2-b)
ENTER NINE SEVENTY TWO 	(an240-mrjc2-b)
C L O U T I E R 	(cen1-mrjc2-b)
R I C H A R D 	(cen2-mrjc2-b)
SIXTY SEVEN TEN 	(cen3-mrjc2-b)
F E N N I M O R E 	(cen4-mrjc2-b)
P I T T S B U R G H 	(cen5-mrjc2-b)
ONE FIVE TWO OH SIX 	(cen6-mrjc2-b)
SIX SIX FIVE NINE SIX SIX FIVE 	(cen7-mrjc2-b)
FIVE TWO FIVE FIVE FIVE 	(cen8-mrjc2-b)
ENTER TWO 	(an281-mrmg-b)
GO 	(an282-mrmg-b)
RUBOUT M D M T G NINE SIX SEVEN OH 	(an283-mrmg-b)
ENTER SIX 	(an284-mrmg-b)
RUBOUT N A F K V THIRTY 	(an285-mrmg-b)
G R E E N 	(cen1-mrmg-b)
R I C H A R D 	(cen2-mrmg-b)
ONE OH TWO 	(cen3-mrmg-b)
E A S T E N D 	(cen4-mrmg-b)
P I T T S B U R G H 	(cen5-mrmg-b)
ONE FIVE TWO TWO ONE 	(cen6-mrmg-b)
TWO FOUR TWO TWO NINE ONE TWO 	(cen7-mrmg-b)
ONE SEVEN FORTY SEVEN 	(cen8-mrmg-b)
ENTER FIFTY FIVE 	(an356-mscg2-b)
YES 	(an357-mscg2-b)
RUBOUT V A N B X NINE 	(an358-mscg2-b)
P O U N B FIVE 	(an359-mscg2-b)
REPEAT 	(an360-mscg2-b)
G I B B S 	(cen1-mscg2-b)
S T E V E N 	(cen2-mscg2-b)
FIVE ONE ONE FIVE 	(cen3-mscg2-b)
M A R G A R E T 	(cen4-mscg2-b)
P I T T S B U R G H 	(cen5-mscg2-b)
ONE FIVE TWO TWO SIX 	(cen6-mscg2-b)
TWO SIX EIGHT FOUR SIX SEVEN EIGHT 	(cen7-mscg2-b)
THREE ELEVEN SIXTY SEVEN 	(cen8-mscg2-b)
YES 	(an341-msct-b)
ERASE W F S O L EIGHT FOUR FOUR 	(an342-msct-b)
ENTER TWENTY NINE 	(an343-msct-b)
ERASE A L H N C THIRTY FIVE 	(an344-msct-b)
ERASE V Y W L R SEVEN ZERO ONE ONE 	(an345-msct-b)
T I M M 	(cen1-msct-b)
S T E V E N 	(cen2-msct-b)
FIVE ONE NINE 	(cen3-msct-b)
S E M P L E 	(cen4-msct-b)
P I T T S B U R G H 	(cen5-msct-b)
ONE FIVE TWO ONE THREE 	(cen6-msct-b)
SIX EIGHT THREE THREE SEVEN EIGHT ZERO 	(cen7-msct-b)
NINE THIRTY SIXTY FIVE 	(cen8-msct-b)
REPEAT 	(an226-msjm-b)
F I Y Q FIFTY SIX 	(an227-msjm-b)
ERASE G W D K F SIX EIGHTY EIGHT 	(an228-msjm-b)
REPEAT 	(an229-msjm-b)
STOP 	(an230-msjm-b)
M A H O N E Y 	(cen1-msjm-b)
S T E P H E N 	(cen2-msjm-b)
ONE TWO TWO TWO 	(cen3-msjm-b)
M A P L E 	(cen4-msjm-b)
G L E N S H A W 	(cen5-msjm-b)
ONE FIVE ONE ONE SIX 	(cen6-msjm-b)
FOUR EIGHT SIX THREE NINE FIVE OH 	(cen7-msjm-b)
TWELVE TWENTY FOUR SIXTY EIGHT 	(cen8-msjm-b)
J H B X THREE ZERO 	(an351-msjr-b)
ENTER TWO 	(an352-msjr-b)
NO 	(an353-msjr-b)
RUBOUT W P F J D TWO SIX 	(an354-msjr-b)
ENTER SIX SEVEN 	(an355-msjr-b)
R O Z E V E L D 	(cen1-msjr-b)
S T E V E N 	(cen2-msjr-b)
EIGHT FORTY ONE 	(cen3-msjr-b)
F I F T H 	(cen4-msjr-b)
V E R O N A 	(cen5-msjr-b)
ONE FIVE ONE FOUR SEVEN 	(cen6-msjr-b)
EIGHT TWO SIX EIGHT SIX EIGHT SEVEN 	(cen7-msjr-b)
ONE THIRTY ONE SIXTY THREE 	(cen8-msjr-b)
YES 	(an100-mskh-b)
YES 	(an96-mskh-b)
ENTER SEVENTY ONE 	(an97-mskh-b)
START 	(an98-mskh-b)
H K T E D ONE SEVENTY 	(an99-mskh-b)
H A N D E R S O N 	(cen1-mskh-b)
S T E V E N 	(cen2-mskh-b)
SIX ZERO ONE FIVE 	(cen3-mskh-b)
FIVE T H A V E N U E 	(cen4-mskh-b)
P I T T S B U R G H 	(cen5-mskh-b)
ONE FIVE TWO THREE TWO 	(cen6-mskh-b)
SIX SIX ONE NINE EIGHT EIGHT FOUR 	(cen7-mskh-b)
SIX TWENTY SIX SIXTY THREE 	(cen8-mskh-b)
G W N L L NINE FOUR 	(an276-msmn-b)
NO 	(an277-msmn-b)
RUBOUT Q N R A J SEVEN FOUR EIGHT 	(an278-msmn-b)
Q C J K EIGHT FIVE EIGHT 	(an279-msmn-b)
B U R C H F E I L D A V E 	(cen4-msmn-b)
P I T T S B U R G H 	(cen5-msmn-b)
ONE FIVE TWO ONE SEVEN 	(cen6-msmn-b)
FOUR ONE TWO FOUR TWO TWO NINE EIGHT TWO EIGHT 	(cen7-msmn-b)
S E P T E M B E R ONE TWO ONE NINE FIVE NINE 	(cen8-msmn-b)
ENTER NINE 	(an331-msrb-b)
RUBOUT G J H G V SEVEN 	(an332-msrb-b)
YES 	(an333-msrb-b)
N N P U FIVE 	(an334-msrb-b)
ENTER SEVEN 	(an335-msrb-b)
B R O W N 	(cen1-msrb-b)
S T E V E 	(cen2-msrb-b)
ONE THREE SIX 	(cen3-msrb-b)
P A T T E R S O N 	(cen4-msrb-b)
C A R N E G I E 	(cen5-msrb-b)
ONE FIVE ONE OH SIX 	(cen6-msrb-b)
TWO SEVEN NINE TWO THREE TWO FOUR 	(cen7-msrb-b)
SIX THREE SIXTY EIGHT 	(cen8-msrb-b)
RUBOUT U T D A TWO 	(an301-mtcv-b)
RUBOUT M V O O FORTY SIX 	(an302-mtcv-b)
ERASE K J Z F M FIFTY FOUR 	(an303-mtcv-b)
STOP 	(an304-mtcv-b)
ENTER EIGHT ZERO SIX 	(an305-mtcv-b)
V A N D E R L A A N 	(cen1-mtcv-b)
T O M 	(cen2-mtcv-b)
EIGHT FOUR SIX SEVEN 	(cen3-mtcv-b)
S L E E P Y H O L L O W 	(cen4-mtcv-b)
W A R R E N 	(cen5-mtcv-b)
FOUR FOUR FOUR EIGHT FOUR 	(cen6-mtcv-b)
EIGHT FIVE SIX ONE FOUR NINE ZERO 	(cen7-mtcv-b)
ONE TWO SEVEN SIX THREE 	(cen8-mtcv-b)
ERASE S S W Z NINE 	(an31-mtje-b)
YES 	(an32-mtje-b)
ERASE F H B K Z SIXTY NINE 	(an33-mtje-b)
YES 	(an34-mtje-b)
H Z A E THREE SEVEN FIVE ONE 	(an35-mtje-b)
E W A L D 	(cen1-mtje-b)
T I M O T H Y 	(cen2-mtje-b)
FOUR OH ONE 	(cen3-mtje-b)
C E N T R E A V E 	(cen4-mtje-b)
P I T T S B U R G H 	(cen5-mtje-b)
ONE FIVE TWO THREE TWO 	(cen6-mtje-b)
FOUR ONE TWO SIX EIGHT SEVEN NINE FIVE TWO SIX 	(cen7-mtje-b)
TEN TWENTY EIGHT SIXTY NINE 	(cen8-mtje-b)
M F G I K TWO SIXTY 	(an366-mtos-b)
S F Q Q K SIX THOUSAND EIGHT HUNDRED AND EIGHTY ONE 	(an367-mtos-b)
H Q F X FOUR THOUSAND THREE HUNDRED AND EIGHTY SIX 	(an368-mtos-b)
YES 	(an369-mtos-b)
RUBOUT N A G K K THREE THIRTY SIX 	(an370-mtos-b)
S M I T H 	(cen1-mtos-b)
T H O M A S 	(cen2-mtos-b)
M G E FOUR OH TWO 	(cen3-mtos-b)
M O R E W O O D 	(cen4-mtos-b)
P I T T S B U R G H 	(cen5-mtos-b)
ONE FIVE TWO ONE THREE 	(cen6-mtos-b)
FOUR EIGHT FOUR TWO 	(cen7-mtos-b)
TWELVE TEN SIXTY NINE 	(cen8-mtos-b)
ENTER FIVE TWO FOUR 	(an376-mtxj-b)
RUBOUT J B X R Z NINE TWENTY 	(an377-mtxj-b)
ENTER SIXTY FOUR 	(an378-mtxj-b)
STOP 	(an379-mtxj-b)
ENTER SIX OH EIGHT OH 	(an380-mtxj-b)
J O H N S O N 	(cen1-mtxj-b)
T H A D 	(cen2-mtxj-b)
ONE HUNDRED 	(cen3-mtxj-b)
S A Y B R O O K H A R B O R 	(cen4-mtxj-b)
B R A D F O R D W O O D S 	(cen5-mtxj-b)
ONE FIVE OH ONE FIVE 	(cen6-mtxj-b)
NINE THREE FIVE OH SIX NINE TWO 	(cen7-mtxj-b)
OCTOBER TWENTY THIRD NINETEEN SIXTY SEVEN 	(cen8-mtxj-b)
H A H L E FOUR NINETY ONE 	(an151-mwhw-b)
START 	(an152-mwhw-b)
Y D N E D FORTY SEVEN 	(an153-mwhw-b)
RUBOUT P O O B EIGHT 	(an154-mwhw-b)
ENTER SIXTY 	(an155-mwhw-b)
W A R D 	(cen1-mwhw-b)
W A Y N E 	(cen2-mwhw-b)
ONE FIFTY 	(cen3-mwhw-b)
B U C K W H E A T 	(cen4-mwhw-b)
G I B S O N I A 	(cen5-mwhw-b)
ONE FIVE OH FOUR FOUR 	(cen6-mwhw-b)
SIX TWO FIVE ONE FIVE SIX FOUR 	(cen7-mwhw-b)
ELEVEN SEVENTEEN FIFTY ONE 	(cen8-mwhw-b)
