one one one (man.ah.111a.wav.raw)
one (man.ah.1b.wav.raw)
two nine three four zero (man.ah.2934za.wav.raw)
three five oh (man.ah.35oa.wav.raw)
three oh (man.ah.3oa.wav.raw)
four six two five (man.ah.4625a.wav.raw)
five eight eight zero zero (man.ah.588zza.wav.raw)
six three (man.ah.63a.wav.raw)
six oh eight three eight (man.ah.6o838a.wav.raw)
seven five nine one three (man.ah.75913a.wav.raw)
eight four four oh one (man.ah.844o1a.wav.raw)
eight (man.ah.8b.wav.raw)
nine (man.ah.9b.wav.raw)
oh seven eight nine (man.ah.o789a.wav.raw)
zero four five four eight (man.ah.z4548a.wav.raw)
zero (man.ah.zb.wav.raw)
one nine zero seven (man.ar.19z7a.wav.raw)
two five five four four five four (man.ar.2554454a.wav.raw)
two oh two (man.ar.2o2a.wav.raw)
three six five two (man.ar.3652a.wav.raw)
four six two one one zero eight (man.ar.46211z8a.wav.raw)
five three seven six eight six nine (man.ar.5376869a.wav.raw)
five oh (man.ar.5oa.wav.raw)
six six oh one three four eight (man.ar.66o1348a.wav.raw)
seven five six seven nine seven nine (man.ar.7567979a.wav.raw)
seven zero seven (man.ar.7z7a.wav.raw)
eight (man.ar.8b.wav.raw)
nine three oh (man.ar.93oa.wav.raw)
oh three (man.ar.o3a.wav.raw)
oh (man.ar.ob.wav.raw)
zero five one (man.ar.z51a.wav.raw)
one three nine four (man.at.1394a.wav.raw)
one (man.at.1b.wav.raw)
two nine (man.at.29a.wav.raw)
three three zero two three (man.at.33z23a.wav.raw)
four one three (man.at.413a.wav.raw)
four (man.at.4b.wav.raw)
five nine three five six (man.at.59356a.wav.raw)
six three (man.at.63a.wav.raw)
seven two two (man.at.722a.wav.raw)
seven (man.at.7b.wav.raw)
eight six one (man.at.861a.wav.raw)
nine two eight six zero (man.at.9286za.wav.raw)
nine zero (man.at.9za.wav.raw)
oh (man.at.oa.wav.raw)
zero seven nine six two (man.at.z7962a.wav.raw)
one four seven oh oh (man.bc.147ooa.wav.raw)
one (man.bc.1b.wav.raw)
two (man.bc.2a.wav.raw)
three seven three four eight (man.bc.37348a.wav.raw)
three zero (man.bc.3zb.wav.raw)
four seven two (man.bc.472a.wav.raw)
five eight one one two four four (man.bc.5811244a.wav.raw)
six six zero nine (man.bc.66z9a.wav.raw)
six (man.bc.6b.wav.raw)
seven six (man.bc.76a.wav.raw)
eight three two seven eight two six (man.bc.8327826a.wav.raw)
eight zero zero seven five five nine (man.bc.8zz7559a.wav.raw)
nine eight nine six (man.bc.9896a.wav.raw)
oh five seven six five one oh (man.bc.o57651oa.wav.raw)
zero one six zero (man.bc.z16za.wav.raw)
zero (man.bc.zb.wav.raw)
one four (man.be.14a.wav.raw)
two three four five two five zero (man.be.234525za.wav.raw)
two zero six six (man.be.2z66a.wav.raw)
three (man.be.3a.wav.raw)
four two nine one four (man.be.42914a.wav.raw)
five two (man.be.52a.wav.raw)
five (man.be.5a.wav.raw)
six eight (man.be.68a.wav.raw)
seven two five six (man.be.7256a.wav.raw)
seven (man.be.7b.wav.raw)
eight nine six five three (man.be.89653a.wav.raw)
nine seven five nine four six two (man.be.9759462a.wav.raw)
oh three oh eight oh oh one (man.be.o3o8oo1a.wav.raw)
oh (man.be.oa.wav.raw)
zero six six nine five four seven (man.be.z669547a.wav.raw)
one four eight seven seven five seven (man.bm.1487757a.wav.raw)
one oh oh seven four (man.bm.1oo74a.wav.raw)
two eight six nine three (man.bm.28693a.wav.raw)
three five nine three (man.bm.3593a.wav.raw)
four one three (man.bm.413a.wav.raw)
four (man.bm.4a.wav.raw)
five six seven two oh two four (man.bm.5672o24a.wav.raw)
six two five seven (man.bm.6257a.wav.raw)
six oh (man.bm.6oa.wav.raw)
seven (man.bm.7a.wav.raw)
eight five nine (man.bm.859a.wav.raw)
nine two zero (man.bm.92za.wav.raw)
nine (man.bm.9b.wav.raw)
oh six oh (man.bm.o6oa.wav.raw)
zero three nine eight (man.bm.z398a.wav.raw)
zero zero five zero eight nine six (man.bm.zz5z896a.wav.raw)
one (man.bn.1a.wav.raw)
two six oh (man.bn.26oa.wav.raw)
three four (man.bn.34a.wav.raw)
three oh (man.bn.3oa.wav.raw)
four five five (man.bn.455a.wav.raw)
five three (man.bn.53a.wav.raw)
five oh (man.bn.5oa.wav.raw)
six seven (man.bn.67a.wav.raw)
seven five six (man.bn.756a.wav.raw)
eight two seven (man.bn.827a.wav.raw)
eight (man.bn.8b.wav.raw)
nine seven three seven zero (man.bn.9737za.wav.raw)
oh three oh oh (man.bn.o3ooa.wav.raw)
oh oh nine oh (man.bn.oo9oa.wav.raw)
zero (man.bn.za.wav.raw)
one nine four three (man.cc.1943a.wav.raw)
two one one four (man.cc.2114a.wav.raw)
two (man.cc.2b.wav.raw)
three (man.cc.3a.wav.raw)
four one (man.cc.41a.wav.raw)
four (man.cc.4b.wav.raw)
five nine (man.cc.59a.wav.raw)
six five zero eight zero nine four (man.cc.65z8z94a.wav.raw)
seven one (man.cc.71a.wav.raw)
seven (man.cc.7b.wav.raw)
eight eight eight (man.cc.888a.wav.raw)
nine two eight six three (man.cc.92863a.wav.raw)
nine zero one eight (man.cc.9z18a.wav.raw)
oh (man.cc.oa.wav.raw)
zero three (man.cc.z3a.wav.raw)
one three seven six oh (man.ce.1376oa.wav.raw)
one (man.ce.1a.wav.raw)
two eight (man.ce.28a.wav.raw)
three three oh (man.ce.33oa.wav.raw)
three zero three zero (man.ce.3z3za.wav.raw)
four (man.ce.4a.wav.raw)
five eight four four five five seven (man.ce.5844557a.wav.raw)
six three five (man.ce.635a.wav.raw)
six (man.ce.6b.wav.raw)
seven (man.ce.7a.wav.raw)
eight seven seven six one (man.ce.87761a.wav.raw)
eight zero six two zero (man.ce.8z62za.wav.raw)
nine eight one (man.ce.981a.wav.raw)
oh seven three four (man.ce.o734a.wav.raw)
zero two six five (man.ce.z265a.wav.raw)
zero (man.ce.zb.wav.raw)
one five two oh four seven two (man.cp.152o472a.wav.raw)
two four nine seven nine eight oh (man.cp.249798oa.wav.raw)
two zero (man.cp.2za.wav.raw)
three six five zero (man.cp.365za.wav.raw)
four five one six seven (man.cp.45167a.wav.raw)
five three three seven zero seven seven (man.cp.5337z77a.wav.raw)
five (man.cp.5b.wav.raw)
six five four zero (man.cp.654za.wav.raw)
seven four seven one seven (man.cp.74717a.wav.raw)
seven zero eight seven six two one (man.cp.7z87621a.wav.raw)
eight (man.cp.8a.wav.raw)
nine nine nine oh oh (man.cp.999ooa.wav.raw)
oh one seven oh one (man.cp.o17o1a.wav.raw)
oh oh seven (man.cp.oo7a.wav.raw)
zero six two (man.cp.z62a.wav.raw)
one five two (man.df.152a.wav.raw)
one oh seven (man.df.1o7a.wav.raw)
two eight zero two eight one four (man.df.28z2814a.wav.raw)
three six one zero (man.df.361za.wav.raw)
four one five seven five oh one (man.df.41575o1a.wav.raw)
four (man.df.4b.wav.raw)
five eight zero (man.df.58za.wav.raw)
six three nine nine four (man.df.63994a.wav.raw)
six oh three oh (man.df.6o3oa.wav.raw)
seven (man.df.7a.wav.raw)
eight four one (man.df.841a.wav.raw)
nine three two five three (man.df.93253a.wav.raw)
nine (man.df.9a.wav.raw)
oh (man.df.oa.wav.raw)
zero three five seven (man.df.z357a.wav.raw)
zero zero (man.df.zza.wav.raw)
one (man.dj.1a.wav.raw)
two three (man.dj.23a.wav.raw)
three two zero five six five three (man.dj.32z5653a.wav.raw)
three (man.dj.3b.wav.raw)
four (man.dj.4a.wav.raw)
five five one (man.dj.551a.wav.raw)
five oh six four four (man.dj.5o644a.wav.raw)
six (man.dj.6a.wav.raw)
seven five one oh eight (man.dj.751o8a.wav.raw)
eight three two (man.dj.832a.wav.raw)
eight (man.dj.8a.wav.raw)
nine seven (man.dj.97a.wav.raw)
oh three (man.dj.o3a.wav.raw)
oh oh (man.dj.oob.wav.raw)
zero (man.dj.zb.wav.raw)
one nine two seven (man.ed.1927a.wav.raw)
two one three (man.ed.213a.wav.raw)
two (man.ed.2b.wav.raw)
three seven (man.ed.37a.wav.raw)
four two four (man.ed.424a.wav.raw)
four (man.ed.4b.wav.raw)
five (man.ed.5a.wav.raw)
six four nine three zero (man.ed.6493za.wav.raw)
seven two (man.ed.72a.wav.raw)
seven (man.ed.7b.wav.raw)
eight six one six seven two zero (man.ed.861672za.wav.raw)
nine three (man.ed.93a.wav.raw)
nine (man.ed.9b.wav.raw)
oh oh two five (man.ed.oo25a.wav.raw)
zero three zero three (man.ed.z3z3a.wav.raw)
one two eight (man.ef.128a.wav.raw)
one (man.ef.1b.wav.raw)
two six zero zero zero seven two (man.ef.26zzz72a.wav.raw)
three two oh (man.ef.32oa.wav.raw)
three zero zero (man.ef.3zza.wav.raw)
four (man.ef.4a.wav.raw)
five seven one (man.ef.571a.wav.raw)
six two one five four seven nine (man.ef.6215479a.wav.raw)
six (man.ef.6a.wav.raw)
seven (man.ef.7a.wav.raw)
eight five (man.ef.85a.wav.raw)
eight oh oh (man.ef.8ooa.wav.raw)
nine (man.ef.9a.wav.raw)
oh seven (man.ef.o7a.wav.raw)
zero two four nine two six nine (man.ef.z249269a.wav.raw)
zero (man.ef.za.wav.raw)
one nine oh nine oh (man.et.19o9oa.wav.raw)
two three three eight seven one two (man.et.2338712a.wav.raw)
two oh (man.et.2oa.wav.raw)
three eight eight (man.et.388a.wav.raw)
four five oh two four two six (man.et.45o2426a.wav.raw)
five two one zero one one zero (man.et.521z11za.wav.raw)
five (man.et.5b.wav.raw)
six seven four two (man.et.6742a.wav.raw)
seven three nine five one (man.et.73951a.wav.raw)
seven zero five five nine six zero (man.et.7z5596za.wav.raw)
eight (man.et.8a.wav.raw)
nine five oh oh (man.et.95ooa.wav.raw)
oh one three five six five five (man.et.o135655a.wav.raw)
oh (man.et.ob.wav.raw)
zero nine one seven (man.et.z917a.wav.raw)
one six (man.fa.16a.wav.raw)
one zero (man.fa.1za.wav.raw)
two (man.fa.2a.wav.raw)
three three (man.fa.33a.wav.raw)
four two four zero nine (man.fa.424z9a.wav.raw)
four (man.fa.4b.wav.raw)
five (man.fa.5a.wav.raw)
six four oh two three oh eight (man.fa.64o23o8a.wav.raw)
six zero six nine eight five two (man.fa.6z69852a.wav.raw)
seven (man.fa.7b.wav.raw)
eight seven seven four (man.fa.8774a.wav.raw)
nine one (man.fa.91a.wav.raw)
nine (man.fa.9b.wav.raw)
oh (man.fa.oa.wav.raw)
zero five two two zero (man.fa.z522za.wav.raw)
zero zero one (man.fa.zz1a.wav.raw)
one nine two three (man.fg.1923a.wav.raw)
two six three (man.fg.263a.wav.raw)
three two (man.fg.32a.wav.raw)
three (man.fg.3b.wav.raw)
four nine (man.fg.49a.wav.raw)
five two zero seven seven eight three (man.fg.52z7783a.wav.raw)
five oh oh (man.fg.5ooa.wav.raw)
six (man.fg.6a.wav.raw)
seven seven three seven three nine four (man.fg.7737394a.wav.raw)
eight one zero nine four (man.fg.81z94a.wav.raw)
eight (man.fg.8b.wav.raw)
nine eight seven one one (man.fg.98711a.wav.raw)
oh five three eight eight nine nine (man.fg.o538899a.wav.raw)
oh oh two two (man.fg.oo22a.wav.raw)
zero eight three six (man.fg.z836a.wav.raw)
one six eight two eight (man.fh.16828a.wav.raw)
two three four three one four four (man.fh.2343144a.wav.raw)
two (man.fh.2b.wav.raw)
three nine (man.fh.39a.wav.raw)
four two (man.fh.42a.wav.raw)
four (man.fh.4b.wav.raw)
five (man.fh.5a.wav.raw)
six three eight zero (man.fh.638za.wav.raw)
seven two oh three (man.fh.72o3a.wav.raw)
seven (man.fh.7b.wav.raw)
eight eight (man.fh.88a.wav.raw)
nine five nine three (man.fh.9593a.wav.raw)
nine (man.fh.9b.wav.raw)
oh (man.fh.ob.wav.raw)
zero six (man.fh.z6a.wav.raw)
one one (man.fm.11a.wav.raw)
one oh three (man.fm.1o3a.wav.raw)
two five oh two (man.fm.25o2a.wav.raw)
three four (man.fm.34a.wav.raw)
three (man.fm.3b.wav.raw)
four (man.fm.4a.wav.raw)
five eight four one (man.fm.5841a.wav.raw)
six four seven eight (man.fm.6478a.wav.raw)
six (man.fm.6b.wav.raw)
seven seven nine (man.fm.779a.wav.raw)
eight two four four three (man.fm.82443a.wav.raw)
eight (man.fm.8b.wav.raw)
nine (man.fm.9b.wav.raw)
oh seven oh oh four (man.fm.o7oo4a.wav.raw)
zero one (man.fm.z1a.wav.raw)
zero (man.fm.zb.wav.raw)
one (man.fp.1a.wav.raw)
two eight six eight (man.fp.2868a.wav.raw)
two zero zero one (man.fp.2zz1a.wav.raw)
three (man.fp.3a.wav.raw)
four three nine five two (man.fp.43952a.wav.raw)
five three three zero (man.fp.533za.wav.raw)
five (man.fp.5b.wav.raw)
six nine (man.fp.69a.wav.raw)
seven eight one (man.fp.781a.wav.raw)
seven oh six (man.fp.7o6a.wav.raw)
eight nine seven four three (man.fp.89743a.wav.raw)
nine six zero five (man.fp.96z5a.wav.raw)
oh one three oh eight (man.fp.o13o8a.wav.raw)
oh (man.fp.oa.wav.raw)
zero six five (man.fp.z65a.wav.raw)
one four zero eight (man.fr.14z8a.wav.raw)
one (man.fr.1b.wav.raw)
two six two four (man.fr.2624a.wav.raw)
three nine five (man.fr.395a.wav.raw)
four two six zero (man.fr.426za.wav.raw)
four (man.fr.4a.wav.raw)
five four eight zero (man.fr.548za.wav.raw)
six three (man.fr.63a.wav.raw)
six oh six (man.fr.6o6a.wav.raw)
seven (man.fr.7a.wav.raw)
eight eight four (man.fr.884a.wav.raw)
nine three two eight two (man.fr.93282a.wav.raw)
nine (man.fr.9b.wav.raw)
oh nine oh nine (man.fr.o9o9a.wav.raw)
zero five eight (man.fr.z58a.wav.raw)
zero zero (man.fr.zza.wav.raw)
one (man.fs.1b.wav.raw)
two six one (man.fs.261a.wav.raw)
three two eight zero nine (man.fs.328z9a.wav.raw)
three (man.fs.3a.wav.raw)
four seven seven (man.fs.477a.wav.raw)
five three one eight oh nine one (man.fs.5318o91a.wav.raw)
five zero five five zero two nine (man.fs.5z55z29a.wav.raw)
six (man.fs.6b.wav.raw)
seven five seven six (man.fs.7576a.wav.raw)
eight one five six (man.fs.8156a.wav.raw)
eight (man.fs.8a.wav.raw)
nine six one (man.fs.961a.wav.raw)
oh two (man.fs.o2a.wav.raw)
oh oh (man.fs.ooa.wav.raw)
zero (man.fs.za.wav.raw)
one three eight four three seven seven (man.ft.1384377a.wav.raw)
two two nine (man.ft.229a.wav.raw)
two oh four one eight (man.ft.2o418a.wav.raw)
three (man.ft.3a.wav.raw)
four four two three three two six (man.ft.4423326a.wav.raw)
four zero one (man.ft.4z1a.wav.raw)
five eight five three zero two seven (man.ft.5853z27a.wav.raw)
six eight five (man.ft.685a.wav.raw)
seven two five (man.ft.725a.wav.raw)
seven (man.ft.7b.wav.raw)
eight (man.ft.8b.wav.raw)
nine six six three eight one zero (man.ft.966381za.wav.raw)
nine zero eight two (man.ft.9z82a.wav.raw)
oh (man.ft.ob.wav.raw)
zero five zero six (man.ft.z5z6a.wav.raw)
one one six eight five two two (man.ga.1168522a.wav.raw)
one (man.ga.1b.wav.raw)
two eight one oh two four oh (man.ga.281o24oa.wav.raw)
three three (man.ga.33a.wav.raw)
three zero seven zero eight (man.ga.3z7z8a.wav.raw)
four (man.ga.4a.wav.raw)
five seven four three two five one (man.ga.5743251a.wav.raw)
six two eight one six three eight (man.ga.6281638a.wav.raw)
six (man.ga.6a.wav.raw)
seven five (man.ga.75a.wav.raw)
eight five oh five one (man.ga.85o51a.wav.raw)
eight oh oh (man.ga.8ooa.wav.raw)
nine eight (man.ga.98a.wav.raw)
oh three two oh (man.ga.o32oa.wav.raw)
zero three five (man.ga.z35a.wav.raw)
zero zero four six three (man.ga.zz463a.wav.raw)
one seven four two oh (man.gp.1742oa.wav.raw)
two four oh seven oh six oh (man.gp.24o7o6oa.wav.raw)
two zero two (man.gp.2z2a.wav.raw)
three (man.gp.3a.wav.raw)
four seven (man.gp.47a.wav.raw)
five two eight one four zero zero (man.gp.52814zza.wav.raw)
five (man.gp.5b.wav.raw)
six nine six eight seven one seven (man.gp.6968717a.wav.raw)
seven four zero seven (man.gp.74z7a.wav.raw)
seven (man.gp.7b.wav.raw)
eight eight four (man.gp.884a.wav.raw)
nine four five four (man.gp.9454a.wav.raw)
oh one (man.gp.o1a.wav.raw)
oh (man.gp.ob.wav.raw)
zero nine four (man.gp.z94a.wav.raw)
one six nine (man.gs.169a.wav.raw)
one zero (man.gs.1za.wav.raw)
two (man.gs.2a.wav.raw)
three four (man.gs.34a.wav.raw)
four one (man.gs.41a.wav.raw)
four (man.gs.4a.wav.raw)
five (man.gs.5a.wav.raw)
six five one seven eight (man.gs.65178a.wav.raw)
six zero four zero eight zero five (man.gs.6z4z8z5a.wav.raw)
seven nine seven (man.gs.797a.wav.raw)
eight seven (man.gs.87a.wav.raw)
nine two five four four (man.gs.92544a.wav.raw)
nine (man.gs.9b.wav.raw)
oh (man.gs.oa.wav.raw)
zero three six zero one (man.gs.z36z1a.wav.raw)
zero zero (man.gs.zza.wav.raw)
one seven (man.gw.17a.wav.raw)
two eight eight seven eight nine seven (man.gw.2887897a.wav.raw)
three one oh three (man.gw.31o3a.wav.raw)
three (man.gw.3b.wav.raw)
four nine six two eight (man.gw.49628a.wav.raw)
five five six (man.gw.556a.wav.raw)
five zero seven three (man.gw.5z73a.wav.raw)
six (man.gw.6a.wav.raw)
seven seven five eight oh five four (man.gw.7758o54a.wav.raw)
eight one two zero two seven six (man.gw.812z276a.wav.raw)
eight (man.gw.8b.wav.raw)
nine nine five one (man.gw.9951a.wav.raw)
oh one nine oh (man.gw.o19oa.wav.raw)
oh oh (man.gw.ooa.wav.raw)
zero zero four (man.gw.zz4a.wav.raw)
one nine two nine (man.hc.1929a.wav.raw)
two one two five zero two six (man.hc.2125z26a.wav.raw)
two (man.hc.2a.wav.raw)
three nine six two oh (man.hc.3962oa.wav.raw)
four two (man.hc.42a.wav.raw)
four (man.hc.4b.wav.raw)
five (man.hc.5a.wav.raw)
six seven seven two (man.hc.6772a.wav.raw)
seven one (man.hc.71a.wav.raw)
seven (man.hc.7b.wav.raw)
eight (man.hc.8a.wav.raw)
nine two oh six (man.hc.92o6a.wav.raw)
nine oh nine eight nine (man.hc.9o989a.wav.raw)
oh (man.hc.oa.wav.raw)
zero seven (man.hc.z7a.wav.raw)
one one five one (man.hj.1151a.wav.raw)
one (man.hj.1a.wav.raw)
two (man.hj.2a.wav.raw)
three four eight three five eight six (man.hj.3483586a.wav.raw)
three oh eight six six (man.hj.3o866a.wav.raw)
four (man.hj.4a.wav.raw)
five five (man.hj.55a.wav.raw)
six five nine nine zero eight five (man.hj.6599z85a.wav.raw)
six (man.hj.6b.wav.raw)
seven nine six (man.hj.796a.wav.raw)
eight two six zero (man.hj.826za.wav.raw)
eight oh four (man.hj.8o4a.wav.raw)
nine (man.hj.9a.wav.raw)
oh five oh two one eight seven (man.hj.o5o2187a.wav.raw)
zero four three two (man.hj.z432a.wav.raw)
zero (man.hj.za.wav.raw)
one nine two four three (man.hm.19243a.wav.raw)
two six eight (man.hm.268a.wav.raw)
two oh two seven eight six nine (man.hm.2o27869a.wav.raw)
three (man.hm.3b.wav.raw)
four nine six six oh nine seven (man.hm.4966o97a.wav.raw)
five three (man.hm.53a.wav.raw)
five (man.hm.5b.wav.raw)
six five (man.hm.65a.wav.raw)
seven seven two nine (man.hm.7729a.wav.raw)
seven zero five (man.hm.7z5a.wav.raw)
eight seven five five nine three one (man.hm.8755931a.wav.raw)
nine five five seven (man.hm.9557a.wav.raw)
oh three eight four eight nine nine (man.hm.o384899a.wav.raw)
oh (man.hm.ob.wav.raw)
zero nine four seven six one zero (man.hm.z94761za.wav.raw)
one one seven oh four (man.hr.117o4a.wav.raw)
one (man.hr.1b.wav.raw)
two (man.hr.2a.wav.raw)
three four oh six nine oh one (man.hr.34o69o1a.wav.raw)
four three zero (man.hr.43za.wav.raw)
four (man.hr.4a.wav.raw)
five three oh two (man.hr.53o2a.wav.raw)
six six four six three seven oh (man.hr.664637oa.wav.raw)
six zero six zero seven (man.hr.6z6z7a.wav.raw)
seven eight six (man.hr.786a.wav.raw)
eight eight four three (man.hr.8843a.wav.raw)
nine six nine nine seven zero two (man.hr.96997z2a.wav.raw)
nine oh oh three five eight four (man.hr.9oo3584a.wav.raw)
oh six four four eight (man.hr.o6448a.wav.raw)
zero three (man.hr.z3a.wav.raw)
zero (man.hr.zb.wav.raw)
one (man.ia.1a.wav.raw)
two five (man.ia.25a.wav.raw)
three two five two eight five six (man.ia.3252856a.wav.raw)
three (man.ia.3b.wav.raw)
four seven (man.ia.47a.wav.raw)
five eight (man.ia.58a.wav.raw)
five zero two zero zero (man.ia.5z2zza.wav.raw)
six seven one (man.ia.671a.wav.raw)
seven seven one eight (man.ia.7718a.wav.raw)
eight two six five three seven four (man.ia.8265374a.wav.raw)
eight oh nine oh two (man.ia.8o9o2a.wav.raw)
nine nine three (man.ia.993a.wav.raw)
oh five seven eight seven (man.ia.o5787a.wav.raw)
oh oh (man.ia.ooa.wav.raw)
zero six (man.ia.z6a.wav.raw)
one six nine oh eight oh seven (man.ib.169o8o7a.wav.raw)
two one four six three oh one (man.ib.21463o1a.wav.raw)
two oh three five oh (man.ib.2o35oa.wav.raw)
three (man.ib.3a.wav.raw)
four five eight (man.ib.458a.wav.raw)
four oh six (man.ib.4o6a.wav.raw)
five (man.ib.5a.wav.raw)
six seven four (man.ib.674a.wav.raw)
seven one eight four (man.ib.7184a.wav.raw)
seven zero six (man.ib.7z6a.wav.raw)
eight (man.ib.8a.wav.raw)
nine two four (man.ib.924a.wav.raw)
nine zero seven seven six (man.ib.9z776a.wav.raw)
oh nine six four nine (man.ib.o9649a.wav.raw)
zero seven nine four one (man.ib.z7941a.wav.raw)
one two nine four eight five nine (man.im.1294859a.wav.raw)
one oh four six three (man.im.1o463a.wav.raw)
two five (man.im.25a.wav.raw)
three three eight zero (man.im.338za.wav.raw)
three zero six (man.im.3z6a.wav.raw)
four nine zero nine three zero two (man.im.49z93z2a.wav.raw)
five six oh (man.im.56oa.wav.raw)
six three oh nine five (man.im.63o95a.wav.raw)
six (man.im.6b.wav.raw)
seven five five seven (man.im.7557a.wav.raw)
eight five four one zero one three (man.im.8541z13a.wav.raw)
eight zero eight six (man.im.8z86a.wav.raw)
nine (man.im.9b.wav.raw)
oh six four oh (man.im.o64oa.wav.raw)
zero one nine (man.im.z19a.wav.raw)
zero (man.im.zb.wav.raw)
one eight six seven zero six five (man.ip.1867z65a.wav.raw)
two five (man.ip.25a.wav.raw)
two zero two eight zero (man.ip.2z28za.wav.raw)
three eight one eight seven eight two (man.ip.3818782a.wav.raw)
four eight seven (man.ip.487a.wav.raw)
five one three one six (man.ip.51316a.wav.raw)
five (man.ip.5b.wav.raw)
six six eight (man.ip.668a.wav.raw)
seven six three (man.ip.763a.wav.raw)
seven oh (man.ip.7oa.wav.raw)
eight (man.ip.8a.wav.raw)
nine six five two seven five four (man.ip.9652754a.wav.raw)
oh seven four one (man.ip.o741a.wav.raw)
oh (man.ip.ob.wav.raw)
zero (man.ip.za.wav.raw)
one four eight (man.ja.148a.wav.raw)
one (man.ja.1b.wav.raw)
two (man.ja.2a.wav.raw)
three five zero two (man.ja.35z2a.wav.raw)
four two six (man.ja.426a.wav.raw)
four zero nine (man.ja.4z9a.wav.raw)
five eight (man.ja.58a.wav.raw)
six five two oh (man.ja.652oa.wav.raw)
six (man.ja.6b.wav.raw)
seven (man.ja.7a.wav.raw)
eight five nine oh seven (man.ja.859o7a.wav.raw)
nine one oh (man.ja.91oa.wav.raw)
nine (man.ja.9b.wav.raw)
oh (man.ja.oa.wav.raw)
zero six (man.ja.z6a.wav.raw)
zero (man.ja.zb.wav.raw)
one nine (man.jh.19a.wav.raw)
two three nine oh three nine two (man.jh.239o392a.wav.raw)
three one eight six six one five (man.jh.3186615a.wav.raw)
three (man.jh.3a.wav.raw)
four seven nine five six (man.jh.47956a.wav.raw)
five seven three five nine (man.jh.57359a.wav.raw)
five oh five six (man.jh.5o56a.wav.raw)
six eight one four (man.jh.6814a.wav.raw)
seven six oh eight five one eight (man.jh.76o8518a.wav.raw)
eight two eight six four (man.jh.82864a.wav.raw)
eight oh (man.jh.8oa.wav.raw)
nine nine one (man.jh.991a.wav.raw)
oh one oh (man.jh.o1oa.wav.raw)
oh oh two five (man.jh.oo25a.wav.raw)
zero (man.jh.za.wav.raw)
one two two (man.ka.122a.wav.raw)
two three five oh four oh three (man.ka.235o4o3a.wav.raw)
two (man.ka.2b.wav.raw)
three eight (man.ka.38a.wav.raw)
four four five (man.ka.445a.wav.raw)
four zero seven (man.ka.4z7a.wav.raw)
five (man.ka.5a.wav.raw)
six five zero one two three zero (man.ka.65z123za.wav.raw)
seven two five four four (man.ka.72544a.wav.raw)
seven (man.ka.7b.wav.raw)
eight eight four zero (man.ka.884za.wav.raw)
nine two oh one six four eight (man.ka.92o1648a.wav.raw)
nine oh six six eight (man.ka.9o668a.wav.raw)
oh (man.ka.ob.wav.raw)
zero four eight zero four three six (man.ka.z48z436a.wav.raw)
one two six one (man.ke.1261a.wav.raw)
one (man.ke.1b.wav.raw)
two seven two nine four (man.ke.27294a.wav.raw)
three three eight (man.ke.338a.wav.raw)
three zero (man.ke.3za.wav.raw)
four (man.ke.4a.wav.raw)
five seven oh oh nine oh three (man.ke.57oo9o3a.wav.raw)
six two (man.ke.62a.wav.raw)
six oh two (man.ke.6o2a.wav.raw)
seven six zero eight seven four two (man.ke.76z8742a.wav.raw)
eight two zero five zero two zero (man.ke.82z5z2za.wav.raw)
eight zero (man.ke.8za.wav.raw)
nine (man.ke.9a.wav.raw)
oh five (man.ke.o5a.wav.raw)
zero one one five two (man.ke.z1152a.wav.raw)
zero (man.ke.zb.wav.raw)
one seven oh one (man.kg.17o1a.wav.raw)
two one (man.kg.21a.wav.raw)
two zero two (man.kg.2z2a.wav.raw)
three (man.kg.3a.wav.raw)
four eight six (man.kg.486a.wav.raw)
five two three nine (man.kg.5239a.wav.raw)
five (man.kg.5b.wav.raw)
six seven seven eight eight four zero (man.kg.677884za.wav.raw)
seven one zero six three six eight (man.kg.71z6368a.wav.raw)
seven (man.kg.7b.wav.raw)
eight (man.kg.8b.wav.raw)
nine six five (man.kg.965a.wav.raw)
oh one (man.kg.o1a.wav.raw)
oh (man.kg.ob.wav.raw)
zero five zero zero (man.kg.z5zza.wav.raw)
one four zero nine (man.le.14z9a.wav.raw)
one zero seven one eight four two (man.le.1z71842a.wav.raw)
two (man.le.2a.wav.raw)
three five four eight two six two (man.le.3548262a.wav.raw)
four one eight (man.le.418a.wav.raw)
four (man.le.4a.wav.raw)
five six (man.le.56a.wav.raw)
six four three oh two five oh (man.le.643o25oa.wav.raw)
six (man.le.6b.wav.raw)
seven nine seven zero zero (man.le.797zza.wav.raw)
eight four five seven oh one oh (man.le.8457o1oa.wav.raw)
nine one three five (man.le.9135a.wav.raw)
nine oh one five (man.le.9o15a.wav.raw)
oh eight (man.le.o8a.wav.raw)
zero five three (man.le.z53a.wav.raw)
zero zero eight six nine eight one (man.le.zz86981a.wav.raw)
one (man.lg.1a.wav.raw)
two seven three five five (man.lg.27355a.wav.raw)
three one one three zero (man.lg.3113za.wav.raw)
three (man.lg.3b.wav.raw)
four five seven (man.lg.457a.wav.raw)
five seven (man.lg.57a.wav.raw)
five zero (man.lg.5za.wav.raw)
six (man.lg.6b.wav.raw)
seven seven zero (man.lg.77za.wav.raw)
eight one eight one oh oh three (man.lg.8181oo3a.wav.raw)
eight (man.lg.8b.wav.raw)
nine (man.lg.9a.wav.raw)
oh six (man.lg.o6a.wav.raw)
oh (man.lg.ob.wav.raw)
zero eight two eight (man.lg.z828a.wav.raw)
one eight eight six six four six (man.mi.1886646a.wav.raw)
two two five eight six (man.mi.22586a.wav.raw)
two (man.mi.2b.wav.raw)
three eight two (man.mi.382a.wav.raw)
four four nine four (man.mi.4494a.wav.raw)
four oh one three oh oh eight (man.mi.4o13oo8a.wav.raw)
five (man.mi.5a.wav.raw)
six three five five (man.mi.6355a.wav.raw)
seven two (man.mi.72a.wav.raw)
seven (man.mi.7b.wav.raw)
eight nine four one seven (man.mi.89417a.wav.raw)
nine three six zero four (man.mi.936z4a.wav.raw)
nine oh four one three oh one (man.mi.9o413o1a.wav.raw)
oh (man.mi.ob.wav.raw)
zero four three (man.mi.z43a.wav.raw)
one three three (man.nl.133a.wav.raw)
one (man.nl.1a.wav.raw)
two eight three two four (man.nl.28324a.wav.raw)
three four (man.nl.34a.wav.raw)
three oh four (man.nl.3o4a.wav.raw)
four (man.nl.4a.wav.raw)
five four (man.nl.54a.wav.raw)
six two four oh seven oh nine (man.nl.624o7o9a.wav.raw)
six (man.nl.6b.wav.raw)
seven five five one three two two (man.nl.7551322a.wav.raw)
eight one nine six (man.nl.8196a.wav.raw)
eight oh eight (man.nl.8o8a.wav.raw)
nine (man.nl.9b.wav.raw)
oh five (man.nl.o5a.wav.raw)
zero two eight zero six six seven (man.nl.z28z667a.wav.raw)
zero (man.nl.zb.wav.raw)
one four seven (man.np.147a.wav.raw)
two four nine six zero eight eight (man.np.2496z88a.wav.raw)
two (man.np.2b.wav.raw)
three (man.np.3b.wav.raw)
four six two (man.np.462a.wav.raw)
five one two zero nine two five (man.np.512z925a.wav.raw)
five zero three (man.np.5z3a.wav.raw)
six seven five five nine seven zero (man.np.675597za.wav.raw)
seven five two nine eight (man.np.75298a.wav.raw)
seven (man.np.7b.wav.raw)
eight five (man.np.85a.wav.raw)
nine three two two zero (man.np.9322za.wav.raw)
oh one (man.np.o1a.wav.raw)
oh (man.np.oa.wav.raw)
zero four eight zero two eight four (man.np.z48z284a.wav.raw)
one one six five three (man.nt.11653a.wav.raw)
one oh one three one two six (man.nt.1o13126a.wav.raw)
two (man.nt.2a.wav.raw)
three nine two four one (man.nt.39241a.wav.raw)
four two nine zero six one two (man.nt.429z612a.wav.raw)
four (man.nt.4a.wav.raw)
five eight oh six seven three seven (man.nt.58o6737a.wav.raw)
six five six (man.nt.656a.wav.raw)
six zero five five four zero eight (man.nt.6z554z8a.wav.raw)
seven (man.nt.7a.wav.raw)
eight two zero two zero zero nine (man.nt.82z2zz9a.wav.raw)
nine four oh (man.nt.94oa.wav.raw)
nine (man.nt.9a.wav.raw)
oh five one (man.nt.o51a.wav.raw)
zero four seven seven nine six six (man.nt.z477966a.wav.raw)
zero zero three seven five (man.nt.zz375a.wav.raw)
one (man.pc.1a.wav.raw)
two four seven three four eight zero (man.pc.247348za.wav.raw)
three one six (man.pc.316a.wav.raw)
three (man.pc.3a.wav.raw)
four eight five (man.pc.485a.wav.raw)
five two nine zero four (man.pc.529z4a.wav.raw)
five oh nine (man.pc.5o9a.wav.raw)
six oh three oh nine (man.pc.6o3o9a.wav.raw)
seven six nine nine (man.pc.7699a.wav.raw)
eight one eight (man.pc.818a.wav.raw)
eight (man.pc.8b.wav.raw)
nine (man.pc.9a.wav.raw)
oh one six nine (man.pc.o169a.wav.raw)
oh oh (man.pc.oob.wav.raw)
zero zero two zero nine nine one (man.pc.zz2z991a.wav.raw)
one six (man.pg.16a.wav.raw)
two one four three three three two (man.pg.2143332a.wav.raw)
two (man.pg.2b.wav.raw)
three (man.pg.3b.wav.raw)
four two oh (man.pg.42oa.wav.raw)
four (man.pg.4b.wav.raw)
five oh five one (man.pg.5o51a.wav.raw)
six six (man.pg.66a.wav.raw)
seven one one two (man.pg.7112a.wav.raw)
seven (man.pg.7a.wav.raw)
eight nine one seven (man.pg.8917a.wav.raw)
nine three (man.pg.93a.wav.raw)
nine oh one oh two nine nine (man.pg.9o1o299a.wav.raw)
oh nine seven four five three five (man.pg.o974535a.wav.raw)
zero six (man.pg.z6a.wav.raw)
one three two oh six seven eight (man.ph.132o678a.wav.raw)
one (man.ph.1b.wav.raw)
two seven (man.ph.27a.wav.raw)
three three zero two two (man.ph.33z22a.wav.raw)
three oh (man.ph.3oa.wav.raw)
four (man.ph.4a.wav.raw)
five eight six (man.ph.586a.wav.raw)
six three two six (man.ph.6326a.wav.raw)
six (man.ph.6b.wav.raw)
seven seven nine (man.ph.779a.wav.raw)
eight two eight eight (man.ph.8288a.wav.raw)
eight (man.ph.8b.wav.raw)
nine (man.ph.9b.wav.raw)
oh three six one six (man.ph.o3616a.wav.raw)
zero one one five one (man.ph.z1151a.wav.raw)
zero (man.ph.zb.wav.raw)
one six eight four (man.pr.1684a.wav.raw)
two four five two (man.pr.2452a.wav.raw)
two zero nine seven five (man.pr.2z975a.wav.raw)
three (man.pr.3b.wav.raw)
four four (man.pr.44a.wav.raw)
five one nine one five (man.pr.51915a.wav.raw)
five zero two two seven seven six (man.pr.5z22776a.wav.raw)
six seven one three eight (man.pr.67138a.wav.raw)
seven eight three six (man.pr.7836a.wav.raw)
seven oh (man.pr.7oa.wav.raw)
eight (man.pr.8a.wav.raw)
nine three three (man.pr.933a.wav.raw)
oh two oh (man.pr.o2oa.wav.raw)
oh (man.pr.ob.wav.raw)
zero (man.pr.zb.wav.raw)
one two four (man.rk.124a.wav.raw)
one oh seven nine (man.rk.1o79a.wav.raw)
two eight three seven five nine oh (man.rk.283759oa.wav.raw)
three five (man.rk.35a.wav.raw)
four one six (man.rk.416a.wav.raw)
four (man.rk.4b.wav.raw)
five seven zero (man.rk.57zb.wav.raw)
six three eight eight four (man.rk.63884a.wav.raw)
six zero three three (man.rk.6z33a.wav.raw)
seven seven one zero seven (man.rk.771z7a.wav.raw)
eight five (man.rk.85a.wav.raw)
nine one three (man.rk.913a.wav.raw)
nine oh one five three (man.rk.9o153a.wav.raw)
oh (man.rk.oa.wav.raw)
zero four eight five (man.rk.z485a.wav.raw)
zero (man.rk.zb.wav.raw)
one nine three three four (man.sa.19334a.wav.raw)
two three eight zero five four zero (man.sa.238z54za.wav.raw)
three one five oh five (man.sa.315o5a.wav.raw)
three oh eight oh three (man.sa.3o8o3a.wav.raw)
four seven (man.sa.47a.wav.raw)
five five four three (man.sa.5543a.wav.raw)
five (man.sa.5b.wav.raw)
six nine (man.sa.69a.wav.raw)
seven four (man.sa.74a.wav.raw)
eight one seven zero four (man.sa.817z4a.wav.raw)
eight (man.sa.8b.wav.raw)
nine eight (man.sa.98a.wav.raw)
oh six four (man.sa.o64a.wav.raw)
oh oh six oh (man.sa.oo6oa.wav.raw)
zero (man.sa.za.wav.raw)
one five oh two three (man.sl.15o23a.wav.raw)
two one four oh nine three seven (man.sl.214o937a.wav.raw)
two (man.sl.2a.wav.raw)
three nine six oh (man.sl.396oa.wav.raw)
four six six seven (man.sl.4667a.wav.raw)
four oh one oh oh (man.sl.4o1ooa.wav.raw)
five (man.sl.5a.wav.raw)
six seven six three two (man.sl.67632a.wav.raw)
seven one six six (man.sl.7166a.wav.raw)
seven (man.sl.7b.wav.raw)
eight nine (man.sl.89a.wav.raw)
nine two (man.sl.92a.wav.raw)
nine oh six two four seven one (man.sl.9o62471a.wav.raw)
oh (man.sl.ob.wav.raw)
zero five seven (man.sl.z57a.wav.raw)
one two two three (man.sr.1223a.wav.raw)
one (man.sr.1b.wav.raw)
two (man.sr.2a.wav.raw)
three three one seven (man.sr.3317a.wav.raw)
three oh eight seven seven one seven (man.sr.3o87717a.wav.raw)
four seven two four three two four (man.sr.4724324a.wav.raw)
five four zero (man.sr.54za.wav.raw)
six five zero four (man.sr.65z4a.wav.raw)
six oh one two oh nine seven (man.sr.6o12o97a.wav.raw)
seven seven eight eight (man.sr.7788a.wav.raw)
eight four seven (man.sr.847a.wav.raw)
eight zero one zero eight (man.sr.8z1z8a.wav.raw)
nine (man.sr.9a.wav.raw)
oh two oh seven (man.sr.o2o7a.wav.raw)
zero one (man.sr.z1a.wav.raw)
zero zero five seven (man.sr.zz57a.wav.raw)
one three eight one two four six (man.sw.1381246a.wav.raw)
two seven four four (man.sw.2744a.wav.raw)
two zero zero nine two (man.sw.2zz92a.wav.raw)
three seven (man.sw.37a.wav.raw)
four seven (man.sw.47a.wav.raw)
five one six (man.sw.516a.wav.raw)
five (man.sw.5b.wav.raw)
six six zero (man.sw.66za.wav.raw)
seven six (man.sw.76a.wav.raw)
seven oh five eight five oh eight (man.sw.7o585o8a.wav.raw)
eight (man.sw.8a.wav.raw)
nine four one (man.sw.941a.wav.raw)
oh two six eight four (man.sw.o2684a.wav.raw)
oh (man.sw.ob.wav.raw)
zero six nine (man.sw.z69a.wav.raw)
one four seven four five six eight (man.tc.1474568a.wav.raw)
one zero four (man.tc.1z4a.wav.raw)
two eight nine five one seven five (man.tc.2895175a.wav.raw)
three five four four (man.tc.3544a.wav.raw)
four one zero (man.tc.41za.wav.raw)
four (man.tc.4b.wav.raw)
five seven zero three (man.tc.57z3a.wav.raw)
six three (man.tc.63a.wav.raw)
six oh one five six (man.tc.6o156a.wav.raw)
seven nine four (man.tc.794a.wav.raw)
eight eight two five one (man.tc.88251a.wav.raw)
nine one six (man.tc.916a.wav.raw)
nine (man.tc.9b.wav.raw)
oh (man.tc.oa.wav.raw)
zero seven six zero one (man.tc.z76z1a.wav.raw)
zero zero seven one (man.tc.zz71a.wav.raw)
one (woman.ak.1b.wav.raw)
two seven six three one seven oh (woman.ak.276317oa.wav.raw)
three three four (woman.ak.334a.wav.raw)
three zero three zero nine (woman.ak.3z3z9a.wav.raw)
four eight zero six six zero zero (woman.ak.48z66zza.wav.raw)
five three two (woman.ak.532a.wav.raw)
five zero eight seven four (woman.ak.5z874a.wav.raw)
six seven two eight zero (woman.ak.6728za.wav.raw)
seven five (woman.ak.75a.wav.raw)
eight four nine eight three (woman.ak.84983a.wav.raw)
eight (woman.ak.8a.wav.raw)
nine nine seven three one (woman.ak.99731a.wav.raw)
oh six nine (woman.ak.o69a.wav.raw)
oh oh (woman.ak.ooa.wav.raw)
zero (woman.ak.za.wav.raw)
one three (woman.ap.13a.wav.raw)
two one four eight (woman.ap.2148a.wav.raw)
two oh (woman.ap.2oa.wav.raw)
three (woman.ap.3a.wav.raw)
four three four seven six four nine (woman.ap.4347649a.wav.raw)
four zero zero four seven two two (woman.ap.4zz4722a.wav.raw)
five five oh (woman.ap.55oa.wav.raw)
six three (woman.ap.63a.wav.raw)
seven two six eight seven (woman.ap.72687a.wav.raw)
seven (woman.ap.7b.wav.raw)
eight nine six one seven seven zero (woman.ap.896177za.wav.raw)
nine two six (woman.ap.926a.wav.raw)
nine oh (woman.ap.9oa.wav.raw)
oh (woman.ap.ob.wav.raw)
zero six six five six (woman.ap.z6656a.wav.raw)
one one nine four (woman.ba.1194a.wav.raw)
one (woman.ba.1b.wav.raw)
two seven oh (woman.ba.27oa.wav.raw)
three two (woman.ba.32a.wav.raw)
three (woman.ba.3b.wav.raw)
four (woman.ba.4a.wav.raw)
five five (woman.ba.55a.wav.raw)
six one oh oh one three three (woman.ba.61oo133a.wav.raw)
six (woman.ba.6a.wav.raw)
seven nine (woman.ba.79a.wav.raw)
eight five (woman.ba.85a.wav.raw)
eight oh (woman.ba.8oa.wav.raw)
nine (woman.ba.9a.wav.raw)
oh six five (woman.ba.o65a.wav.raw)
zero two (woman.ba.z2a.wav.raw)
zero (woman.ba.za.wav.raw)
one seven zero five zero (woman.bf.17z5za.wav.raw)
two four (woman.bf.24a.wav.raw)
two (woman.bf.2b.wav.raw)
three six seven eight (woman.bf.3678a.wav.raw)
four four seven seven (woman.bf.4477a.wav.raw)
five three (woman.bf.53a.wav.raw)
five (woman.bf.5a.wav.raw)
six (woman.bf.6a.wav.raw)
seven two oh four six four oh (woman.bf.72o464oa.wav.raw)
seven oh one seven oh four nine (woman.bf.7o17o49a.wav.raw)
eight (woman.bf.8a.wav.raw)
nine eight (woman.bf.98a.wav.raw)
oh one nine (woman.bf.o19a.wav.raw)
oh (woman.bf.oa.wav.raw)
zero five three (woman.bf.z53a.wav.raw)
one four two four eight (woman.bj.14248a.wav.raw)
one oh nine (woman.bj.1o9a.wav.raw)
two (woman.bj.2b.wav.raw)
three nine (woman.bj.39a.wav.raw)
four one zero eight (woman.bj.41z8a.wav.raw)
four (woman.bj.4b.wav.raw)
five five (woman.bj.55a.wav.raw)
six four eight eight one (woman.bj.64881a.wav.raw)
six zero three eight zero (woman.bj.6z38za.wav.raw)
seven (woman.bj.7b.wav.raw)
eight five three nine eight (woman.bj.85398a.wav.raw)
nine two three (woman.bj.923a.wav.raw)
nine oh five (woman.bj.9o5a.wav.raw)
oh nine five nine (woman.bj.o959a.wav.raw)
zero three four three one one two (woman.bj.z343112a.wav.raw)
zero zero (woman.bj.zza.wav.raw)
one (woman.bl.1a.wav.raw)
two seven four seven five three seven (woman.bl.2747537a.wav.raw)
three one oh (woman.bl.31oa.wav.raw)
three (woman.bl.3a.wav.raw)
four seven oh (woman.bl.47oa.wav.raw)
five five two four three (woman.bl.55243a.wav.raw)
five zero (woman.bl.5za.wav.raw)
six (woman.bl.6a.wav.raw)
seven five (woman.bl.75a.wav.raw)
eight four one one eight (woman.bl.84118a.wav.raw)
eight (woman.bl.8b.wav.raw)
nine (woman.bl.9a.wav.raw)
oh three oh oh (woman.bl.o3ooa.wav.raw)
oh oh two one seven (woman.bl.oo217a.wav.raw)
zero seven nine zero (woman.bl.z79za.wav.raw)
one nine two seven five oh two (woman.bs.19275o2a.wav.raw)
two two three zero seven seven three (woman.bs.223z773a.wav.raw)
two (woman.bs.2a.wav.raw)
three eight (woman.bs.38a.wav.raw)
four five (woman.bs.45a.wav.raw)
four zero three zero zero (woman.bs.4z3zza.wav.raw)
five nine eight (woman.bs.598a.wav.raw)
six eight six (woman.bs.686a.wav.raw)
seven two five six one oh eight (woman.bs.72561o8a.wav.raw)
seven zero one (woman.bs.7z1a.wav.raw)
eight five four two one six oh (woman.bs.854216oa.wav.raw)
nine four six four zero zero four (woman.bs.9464zz4a.wav.raw)
nine oh four five three five eight (woman.bs.9o45358a.wav.raw)
oh oh seven (woman.bs.oo7a.wav.raw)
zero three one (woman.bs.z31a.wav.raw)
one one one nine six seven three (woman.bw.1119673a.wav.raw)
one (woman.bw.1b.wav.raw)
two nine oh (woman.bw.29oa.wav.raw)
three three seven (woman.bw.337a.wav.raw)
three (woman.bw.3b.wav.raw)
four five six four four (woman.bw.45644a.wav.raw)
five five (woman.bw.55a.wav.raw)
six two (woman.bw.62a.wav.raw)
six (woman.bw.6b.wav.raw)
seven (woman.bw.7a.wav.raw)
eight six five (woman.bw.865a.wav.raw)
eight (woman.bw.8b.wav.raw)
nine (woman.bw.9a.wav.raw)
oh (woman.bw.oa.wav.raw)
zero two five (woman.bw.z25a.wav.raw)
zero zero one zero zero eight zero (woman.bw.zz1zz8za.wav.raw)
one six eight zero four (woman.cd.168z4a.wav.raw)
two seven five six oh (woman.cd.2756oa.wav.raw)
two zero five two four (woman.cd.2z524a.wav.raw)
three nine six (woman.cd.396a.wav.raw)
four four (woman.cd.44a.wav.raw)
five five two zero (woman.cd.552za.wav.raw)
five zero three eight three zero five (woman.cd.5z383z5a.wav.raw)
six nine zero (woman.cd.69za.wav.raw)
seven two one six three (woman.cd.72163a.wav.raw)
seven (woman.cd.7b.wav.raw)
eight (woman.cd.8a.wav.raw)
nine seven zero four two nine nine (woman.cd.97z4299a.wav.raw)
oh one oh seven four (woman.cd.o1o74a.wav.raw)
oh (woman.cd.ob.wav.raw)
zero eight (woman.cd.z8a.wav.raw)
one three nine six zero three three (woman.cj.1396z33a.wav.raw)
one (woman.cj.1b.wav.raw)
two (woman.cj.2a.wav.raw)
three six nine three two (woman.cj.36932a.wav.raw)
four five eight four four three three (woman.cj.4584433a.wav.raw)
four (woman.cj.4b.wav.raw)
five seven three five three seven nine (woman.cj.5735379a.wav.raw)
six three two (woman.cj.632a.wav.raw)
six (woman.cj.6b.wav.raw)
seven eight seven oh eight oh one (woman.cj.787o8o1a.wav.raw)
eight six four one zero zero eight (woman.cj.8641zz8a.wav.raw)
nine three five four three (woman.cj.93543a.wav.raw)
nine (woman.cj.9a.wav.raw)
oh six seven seven (woman.cj.o677a.wav.raw)
zero two three one nine zero nine (woman.cj.z2319z9a.wav.raw)
zero (woman.cj.zb.wav.raw)
one (woman.cs.1a.wav.raw)
two two zero (woman.cs.22za.wav.raw)
three one (woman.cs.31a.wav.raw)
three (woman.cs.3a.wav.raw)
four nine zero five two (woman.cs.49z52a.wav.raw)
five two three six (woman.cs.5236a.wav.raw)
five (woman.cs.5b.wav.raw)
six oh six (woman.cs.6o6a.wav.raw)
seven six oh nine oh (woman.cs.76o9oa.wav.raw)
eight four two four zero four one (woman.cs.8424z41a.wav.raw)
eight (woman.cs.8a.wav.raw)
nine nine (woman.cs.99a.wav.raw)
oh three nine five oh seven oh (woman.cs.o395o7oa.wav.raw)
oh oh oh (woman.cs.oooa.wav.raw)
zero (woman.cs.za.wav.raw)
one five two nine (woman.ct.1529a.wav.raw)
two three one zero two one zero (woman.ct.231z21za.wav.raw)
two (woman.ct.2a.wav.raw)
three (woman.ct.3a.wav.raw)
four three nine oh (woman.ct.439oa.wav.raw)
four oh eight oh (woman.ct.4o8oa.wav.raw)
five (woman.ct.5b.wav.raw)
six eight six seven (woman.ct.6867a.wav.raw)
seven two two (woman.ct.722a.wav.raw)
seven (woman.ct.7b.wav.raw)
eight seven (woman.ct.87a.wav.raw)
nine seven oh five (woman.ct.97o5a.wav.raw)
nine oh (woman.ct.9oa.wav.raw)
oh (woman.ct.oa.wav.raw)
zero five one seven zero (woman.ct.z517za.wav.raw)
one one five (woman.dp.115a.wav.raw)
one (woman.dp.1b.wav.raw)
two six nine four one nine seven (woman.dp.2694197a.wav.raw)
three four two (woman.dp.342a.wav.raw)
three (woman.dp.3b.wav.raw)
four (woman.dp.4b.wav.raw)
five nine zero (woman.dp.59za.wav.raw)
six one four (woman.dp.614a.wav.raw)
six (woman.dp.6a.wav.raw)
seven eight one six oh (woman.dp.7816oa.wav.raw)
eight six two nine (woman.dp.8629a.wav.raw)
eight zero zero zero one (woman.dp.8zzz1a.wav.raw)
nine (woman.dp.9a.wav.raw)
oh five four eight five (woman.dp.o5485a.wav.raw)
zero three (woman.dp.z3a.wav.raw)
zero (woman.dp.zb.wav.raw)
one (woman.dr.1a.wav.raw)
two seven (woman.dr.27a.wav.raw)
two zero three (woman.dr.2z3a.wav.raw)
three nine seven five seven (woman.dr.39757a.wav.raw)
four seven zero (woman.dr.47za.wav.raw)
five two (woman.dr.52a.wav.raw)
five (woman.dr.5b.wav.raw)
six seven oh five (woman.dr.67o5a.wav.raw)
seven three seven (woman.dr.737a.wav.raw)
seven (woman.dr.7b.wav.raw)
eight (woman.dr.8a.wav.raw)
nine six seven three (woman.dr.9673a.wav.raw)
oh two eight seven (woman.dr.o287a.wav.raw)
oh (woman.dr.ob.wav.raw)
zero eight zero six (woman.dr.z8z6a.wav.raw)
one three three two zero (woman.dw.1332za.wav.raw)
one oh five oh oh four five (woman.dw.1o5oo45a.wav.raw)
two (woman.dw.2a.wav.raw)
three five seven eight zero (woman.dw.3578za.wav.raw)
four two eight one six three eight (woman.dw.4281638a.wav.raw)
four (woman.dw.4a.wav.raw)
five three one one seven (woman.dw.53117a.wav.raw)
six four zero zero (woman.dw.64zza.wav.raw)
six oh one oh (woman.dw.6o1oa.wav.raw)
seven nine (woman.dw.79a.wav.raw)
eight four oh (woman.dw.84oa.wav.raw)
nine one four (woman.dw.914a.wav.raw)
nine (woman.dw.9a.wav.raw)
oh nine five five four (woman.dw.o9554a.wav.raw)
zero five eight seven zero one zero (woman.dw.z587z1za.wav.raw)
zero zero (woman.dw.zza.wav.raw)
one (woman.ej.1a.wav.raw)
two five seven (woman.ej.257a.wav.raw)
three two five oh (woman.ej.325oa.wav.raw)
three (woman.ej.3b.wav.raw)
four six (woman.ej.46a.wav.raw)
five two four eight (woman.ej.5248a.wav.raw)
five (woman.ej.5b.wav.raw)
six (woman.ej.6a.wav.raw)
seven four (woman.ej.74a.wav.raw)
eight one (woman.ej.81a.wav.raw)
eight (woman.ej.8b.wav.raw)
nine three six (woman.ej.936a.wav.raw)
oh eight seven eight four (woman.ej.o8784a.wav.raw)
oh oh seven eight (woman.ej.oo78a.wav.raw)
zero (woman.ej.zb.wav.raw)
one six eight two four (woman.em.16824a.wav.raw)
two one zero three four (woman.em.21z34a.wav.raw)
two (woman.em.2b.wav.raw)
three eight (woman.em.38b.wav.raw)
four three zero zero (woman.em.43zza.wav.raw)
four zero eight four zero (woman.em.4z84za.wav.raw)
five (woman.em.5a.wav.raw)
six four zero one five eight seven (woman.em.64z1587a.wav.raw)
seven two six zero (woman.em.726za.wav.raw)
seven (woman.em.7a.wav.raw)
eight seven two four six three seven (woman.em.8724637a.wav.raw)
nine four seven one two oh nine (woman.em.94712o9a.wav.raw)
nine zero two two five (woman.em.9z225a.wav.raw)
oh (woman.em.oa.wav.raw)
zero nine three (woman.em.z93a.wav.raw)
one four (woman.ep.14a.wav.raw)
one (woman.ep.1a.wav.raw)
two nine zero six zero (woman.ep.29z6za.wav.raw)
three three eight (woman.ep.338a.wav.raw)
three zero three (woman.ep.3z3a.wav.raw)
four (woman.ep.4a.wav.raw)
five (woman.ep.5a.wav.raw)
six two nine seven (woman.ep.6297a.wav.raw)
six (woman.ep.6a.wav.raw)
seven five three nine four (woman.ep.75394a.wav.raw)
eight four oh (woman.ep.84oa.wav.raw)
eight (woman.ep.8b.wav.raw)
nine (woman.ep.9a.wav.raw)
oh three (woman.ep.o3a.wav.raw)
zero two four (woman.ep.z24a.wav.raw)
zero (woman.ep.za.wav.raw)
one eight eight one three nine four (woman.er.1881394a.wav.raw)
two five (woman.er.25a.wav.raw)
two zero zero eight nine three eight (woman.er.2zz8938a.wav.raw)
three eight (woman.er.38a.wav.raw)
four four three six seven two six (woman.er.4436726a.wav.raw)
five five six oh eight (woman.er.556o8a.wav.raw)
five (woman.er.5b.wav.raw)
six eight zero seven zero (woman.er.68z7za.wav.raw)
seven seven (woman.er.77a.wav.raw)
seven zero zero (woman.er.7zza.wav.raw)
eight (woman.er.8b.wav.raw)
nine five zero (woman.er.95za.wav.raw)
oh one (woman.er.o1a.wav.raw)
oh (woman.er.ob.wav.raw)
zero nine two seven zero five two (woman.er.z927z52a.wav.raw)
one seven seven oh seven (woman.ew.177o7a.wav.raw)
one zero zero zero one six two (woman.ew.1zzz162a.wav.raw)
two six four (woman.ew.264a.wav.raw)
three seven two five (woman.ew.3725a.wav.raw)
four one oh oh six three one (woman.ew.41oo631a.wav.raw)
four (woman.ew.4a.wav.raw)
five nine zero five seven three five (woman.ew.59z5735a.wav.raw)
six three nine (woman.ew.639a.wav.raw)
six (woman.ew.6b.wav.raw)
seven eight zero six zero nine zero (woman.ew.78z6z9za.wav.raw)
eight nine nine two eight nine seven (woman.ew.8992897a.wav.raw)
nine two nine five (woman.ew.9295a.wav.raw)
nine (woman.ew.9b.wav.raw)
oh eight six six eight oh two (woman.ew.o8668o2a.wav.raw)
zero two six (woman.ew.z26a.wav.raw)
zero zero eight four zero (woman.ew.zz84za.wav.raw)
one (woman.fn.1a.wav.raw)
two seven five zero three two seven (woman.fn.275z327a.wav.raw)
three six (woman.fn.36a.wav.raw)
three (woman.fn.3b.wav.raw)
four eight eight oh seven oh one (woman.fn.488o7o1a.wav.raw)
five two eight seven (woman.fn.5287a.wav.raw)
five oh five oh eight five six (woman.fn.5o5o856a.wav.raw)
six (woman.fn.6a.wav.raw)
seven seven (woman.fn.77a.wav.raw)
eight five (woman.fn.85a.wav.raw)
eight oh four one (woman.fn.8o41a.wav.raw)
nine (woman.fn.9a.wav.raw)
oh three two (woman.fn.o32a.wav.raw)
oh (woman.fn.ob.wav.raw)
zero nine four nine seven four four (woman.fn.z949744a.wav.raw)
one nine two one (woman.gb.1921a.wav.raw)
two two five eight (woman.gb.2258a.wav.raw)
two oh (woman.gb.2oa.wav.raw)
three four seven (woman.gb.347a.wav.raw)
four three five five three eight nine (woman.gb.4355389a.wav.raw)
four (woman.gb.4b.wav.raw)
five (woman.gb.5b.wav.raw)
six eight three oh three eight seven (woman.gb.683o387a.wav.raw)
seven one seven two (woman.gb.7172a.wav.raw)
seven zero two eight four (woman.gb.7z284a.wav.raw)
eight (woman.gb.8a.wav.raw)
nine five (woman.gb.95a.wav.raw)
nine (woman.gb.9b.wav.raw)
oh eight one oh nine (woman.gb.o81o9a.wav.raw)
zero four (woman.gb.z4a.wav.raw)
one five (woman.gc.15a.wav.raw)
one (woman.gc.1b.wav.raw)
two seven eight nine two (woman.gc.27892a.wav.raw)
three four zero three six (woman.gc.34z36a.wav.raw)
three oh oh eight two two eight (woman.gc.3oo8228a.wav.raw)
four six eight (woman.gc.468a.wav.raw)
five five (woman.gc.55a.wav.raw)
six one (woman.gc.61a.wav.raw)
six (woman.gc.6b.wav.raw)
seven five four nine three (woman.gc.75493a.wav.raw)
eight two (woman.gc.82a.wav.raw)
eight zero seven two (woman.gc.8z72a.wav.raw)
nine eight (woman.gc.98a.wav.raw)
oh seven nine two nine (woman.gc.o7929a.wav.raw)
zero two (woman.gc.z2a.wav.raw)
zero (woman.gc.zb.wav.raw)
one four (woman.gk.14a.wav.raw)
two two eight one zero (woman.gk.2281za.wav.raw)
two zero three five five six nine (woman.gk.2z35569a.wav.raw)
three (woman.gk.3b.wav.raw)
four eight three three zero zero one (woman.gk.4833zz1a.wav.raw)
five one (woman.gk.51a.wav.raw)
five (woman.gk.5b.wav.raw)
six seven three three five (woman.gk.67335a.wav.raw)
seven four nine (woman.gk.749a.wav.raw)
seven oh six two one (woman.gk.7o621a.wav.raw)
eight (woman.gk.8a.wav.raw)
nine five (woman.gk.95a.wav.raw)
oh three eight one nine (woman.gk.o3819a.wav.raw)
oh oh one (woman.gk.oo1a.wav.raw)
zero seven one (woman.gk.z71a.wav.raw)
one seven two (woman.gl.172a.wav.raw)
one zero zero zero one (woman.gl.1zzz1a.wav.raw)
two (woman.gl.2b.wav.raw)
three eight one one six oh one (woman.gl.38116o1a.wav.raw)
four two seven (woman.gl.427a.wav.raw)
four (woman.gl.4b.wav.raw)
five nine three nine oh (woman.gl.5939oa.wav.raw)
six three five seven one zero four (woman.gl.63571z4a.wav.raw)
six zero eight (woman.gl.6z8a.wav.raw)
seven (woman.gl.7b.wav.raw)
eight six four (woman.gl.864a.wav.raw)
nine three (woman.gl.93a.wav.raw)
nine oh four nine five (woman.gl.9o495a.wav.raw)
oh eight three (woman.gl.o83a.wav.raw)
zero five zero four zero (woman.gl.z5z4za.wav.raw)
zero (woman.gl.zb.wav.raw)
one nine four three one zero six (woman.gm.19431z6a.wav.raw)
two nine eight one one two seven (woman.gm.2981127a.wav.raw)
three three two zero (woman.gm.332za.wav.raw)
three (woman.gm.3a.wav.raw)
four nine (woman.gm.49a.wav.raw)
five two three four four oh three (woman.gm.52344o3a.wav.raw)
five zero eight (woman.gm.5z8a.wav.raw)
six (woman.gm.6a.wav.raw)
seven five (woman.gm.75a.wav.raw)
eight one three six two (woman.gm.81362a.wav.raw)
eight (woman.gm.8a.wav.raw)
nine seven one (woman.gm.971a.wav.raw)
oh two oh five (woman.gm.o2o5a.wav.raw)
oh oh six (woman.gm.oo6a.wav.raw)
zero six four one four eight eight (woman.gm.z641488a.wav.raw)
one nine (woman.gn.19a.wav.raw)
two two five (woman.gn.225a.wav.raw)
two zero one two seven (woman.gn.2z127a.wav.raw)
three six (woman.gn.36a.wav.raw)
four six six (woman.gn.466a.wav.raw)
four (woman.gn.4b.wav.raw)
five six seven six zero (woman.gn.5676za.wav.raw)
six six (woman.gn.66a.wav.raw)
seven two four one (woman.gn.7241a.wav.raw)
seven oh oh nine four (woman.gn.7oo94a.wav.raw)
eight two oh oh six three oh (woman.gn.82oo63oa.wav.raw)
nine two nine eight nine three two (woman.gn.9298932a.wav.raw)
nine zero (woman.gn.9za.wav.raw)
oh (woman.gn.oa.wav.raw)
zero six (woman.gn.z6a.wav.raw)
one one seven (woman.hf.117a.wav.raw)
one (woman.hf.1b.wav.raw)
two eight four seven nine (woman.hf.28479a.wav.raw)
three four nine five oh (woman.hf.3495oa.wav.raw)
three oh two three one two seven (woman.hf.3o23127a.wav.raw)
four (woman.hf.4a.wav.raw)
five four three two (woman.hf.5432a.wav.raw)
six two four (woman.hf.624a.wav.raw)
six (woman.hf.6b.wav.raw)
seven eight (woman.hf.78a.wav.raw)
eight two nine (woman.hf.829a.wav.raw)
eight (woman.hf.8b.wav.raw)
nine eight zero zero eight six seven (woman.hf.98zz867a.wav.raw)
oh seven (woman.hf.o7a.wav.raw)
zero one (woman.hf.z1a.wav.raw)
zero (woman.hf.zb.wav.raw)
one seven seven two eight (woman.id.17728a.wav.raw)
two three six one one zero four (woman.id.23611z4a.wav.raw)
two zero zero zero two two nine (woman.id.2zzz229a.wav.raw)
three (woman.id.3a.wav.raw)
four eight five two six (woman.id.48526a.wav.raw)
five two oh nine four oh oh (woman.id.52o94ooa.wav.raw)
five zero six seven zero (woman.id.5z67za.wav.raw)
six eight four (woman.id.684a.wav.raw)
seven six (woman.id.76a.wav.raw)
seven zero eight zero seven (woman.id.7z8z7a.wav.raw)
eight nine (woman.id.89a.wav.raw)
nine three four zero three nine four (woman.id.934z394a.wav.raw)
oh one four three seven (woman.id.o1437a.wav.raw)
oh (woman.id.oa.wav.raw)
zero nine eight (woman.id.z98a.wav.raw)
one three one two three oh one (woman.ii.13123o1a.wav.raw)
one (woman.ii.1b.wav.raw)
two (woman.ii.2a.wav.raw)
three nine (woman.ii.39a.wav.raw)
four two eight one six (woman.ii.42816a.wav.raw)
four (woman.ii.4a.wav.raw)
five six two nine nine six nine (woman.ii.5629969a.wav.raw)
six three seven zero zero zero zero (woman.ii.637zzzza.wav.raw)
six oh nine (woman.ii.6o9a.wav.raw)
seven nine (woman.ii.79a.wav.raw)
eight five three one one oh oh (woman.ii.85311ooa.wav.raw)
nine two seven seven zero (woman.ii.9277za.wav.raw)
nine (woman.ii.9b.wav.raw)
oh nine four oh eight (woman.ii.o94o8a.wav.raw)
zero six eight eight zero (woman.ii.z688za.wav.raw)
zero zero one five (woman.ii.zz15a.wav.raw)
one eight seven (woman.iw.187a.wav.raw)
two four three eight seven (woman.iw.24387a.wav.raw)
three three seven one (woman.iw.3371a.wav.raw)
three (woman.iw.3b.wav.raw)
four seven four six seven (woman.iw.47467a.wav.raw)
five six one six (woman.iw.5616a.wav.raw)
five oh two five nine (woman.iw.5o259a.wav.raw)
six (woman.iw.6a.wav.raw)
seven nine eight (woman.iw.798a.wav.raw)
eight two six eight (woman.iw.8268a.wav.raw)
eight (woman.iw.8a.wav.raw)
nine seven six (woman.iw.976a.wav.raw)
oh one oh oh (woman.iw.o1ooa.wav.raw)
oh oh (woman.iw.ooa.wav.raw)
zero (woman.iw.za.wav.raw)
one four (woman.jd.14a.wav.raw)
two three six three six (woman.jd.23636a.wav.raw)
two (woman.jd.2b.wav.raw)
three seven eight two one nine four (woman.jd.3782194a.wav.raw)
four four one zero one (woman.jd.441z1a.wav.raw)
four zero seven two (woman.jd.4z72a.wav.raw)
five (woman.jd.5b.wav.raw)
six eight one two two zero seven (woman.jd.68122z7a.wav.raw)
seven three zero nine three one one (woman.jd.73z9311a.wav.raw)
seven (woman.jd.7b.wav.raw)
eight (woman.jd.8a.wav.raw)
nine six (woman.jd.96a.wav.raw)
nine (woman.jd.9b.wav.raw)
oh (woman.jd.oa.wav.raw)
zero eight (woman.jd.z8a.wav.raw)
one one (woman.je.11a.wav.raw)
one (woman.je.1a.wav.raw)
two seven (woman.je.27a.wav.raw)
three three six six (woman.je.3366a.wav.raw)
three (woman.je.3b.wav.raw)
four (woman.je.4a.wav.raw)
five three one six two four one (woman.je.5316241a.wav.raw)
six three seven eight one (woman.je.63781a.wav.raw)
six (woman.je.6a.wav.raw)
seven nine three six zero (woman.je.7936za.wav.raw)
eight four (woman.je.84a.wav.raw)
eight oh (woman.je.8oa.wav.raw)
nine (woman.je.9a.wav.raw)
oh three five seven eight three nine (woman.je.o357839a.wav.raw)
zero one five eight (woman.je.z158a.wav.raw)
zero (woman.je.za.wav.raw)
one nine oh three seven (woman.jw.19o37a.wav.raw)
two four five (woman.jw.245a.wav.raw)
two (woman.jw.2b.wav.raw)
three (woman.jw.3a.wav.raw)
four nine seven two nine (woman.jw.49729a.wav.raw)
five two two oh (woman.jw.522oa.wav.raw)
five zero six nine four (woman.jw.5z694a.wav.raw)
six (woman.jw.6a.wav.raw)
seven six four six seven (woman.jw.76467a.wav.raw)
seven (woman.jw.7b.wav.raw)
eight (woman.jw.8a.wav.raw)
nine eight four zero one three zero (woman.jw.984z13za.wav.raw)
oh four seven seven two (woman.jw.o4772a.wav.raw)
oh (woman.jw.ob.wav.raw)
zero nine six zero four zero zero (woman.jw.z96z4zza.wav.raw)
one six five (woman.kb.165a.wav.raw)
one oh (woman.kb.1oa.wav.raw)
two (woman.kb.2a.wav.raw)
three eight (woman.kb.38a.wav.raw)
four three two four eight four two (woman.kb.4324842a.wav.raw)
four (woman.kb.4b.wav.raw)
five eight oh four oh (woman.kb.58o4oa.wav.raw)
six two (woman.kb.62a.wav.raw)
six (woman.kb.6b.wav.raw)
seven (woman.kb.7b.wav.raw)
eight eight six zero (woman.kb.886za.wav.raw)
nine one (woman.kb.91a.wav.raw)
nine (woman.kb.9a.wav.raw)
oh eight seven one four seven nine (woman.kb.o871479a.wav.raw)
zero five zero (woman.kb.z5za.wav.raw)
zero zero three (woman.kb.zz3a.wav.raw)
one seven (woman.kj.17a.wav.raw)
two three (woman.kj.23a.wav.raw)
three one six six two (woman.kj.31662a.wav.raw)
three oh three six (woman.kj.3o36a.wav.raw)
four (woman.kj.4a.wav.raw)
five four (woman.kj.54a.wav.raw)
five (woman.kj.5b.wav.raw)
six (woman.kj.6a.wav.raw)
seven six nine (woman.kj.769a.wav.raw)
eight one four five two (woman.kj.81452a.wav.raw)
eight (woman.kj.8b.wav.raw)
nine nine three (woman.kj.993a.wav.raw)
oh three eight one five two two (woman.kj.o381522a.wav.raw)
oh oh oh (woman.kj.oooa.wav.raw)
zero (woman.kj.za.wav.raw)
one eight oh nine (woman.lj.18o9a.wav.raw)
two two three (woman.lj.223a.wav.raw)
two (woman.lj.2a.wav.raw)
three five two eight (woman.lj.3528a.wav.raw)
four four zero seven six three eight (woman.lj.44z7638a.wav.raw)
four (woman.lj.4b.wav.raw)
five (woman.lj.5a.wav.raw)
six six (woman.lj.66a.wav.raw)
seven one four eight nine (woman.lj.71489a.wav.raw)
seven (woman.lj.7b.wav.raw)
eight (woman.lj.8a.wav.raw)
nine six three zero (woman.lj.963za.wav.raw)
nine oh nine three three (woman.lj.9o933a.wav.raw)
oh eight three seven (woman.lj.o837a.wav.raw)
zero nine (woman.lj.z9a.wav.raw)
one one (woman.ll.11a.wav.raw)
one (woman.ll.1a.wav.raw)
two (woman.ll.2a.wav.raw)
three three oh (woman.ll.33oa.wav.raw)
three (woman.ll.3b.wav.raw)
four (woman.ll.4a.wav.raw)
five eight one six (woman.ll.5816a.wav.raw)
six one three (woman.ll.613a.wav.raw)
six zero seven four nine (woman.ll.6z749a.wav.raw)
seven eight nine nine (woman.ll.7899a.wav.raw)
eight five (woman.ll.85a.wav.raw)
eight zero nine eight zero four zero (woman.ll.8z98z4za.wav.raw)
nine (woman.ll.9a.wav.raw)
oh five two four nine five five (woman.ll.o524955a.wav.raw)
zero one nine zero (woman.ll.z19za.wav.raw)
zero (woman.ll.za.wav.raw)
one (woman.lp.1a.wav.raw)
two five (woman.lp.25a.wav.raw)
two oh (woman.lp.2oa.wav.raw)
three (woman.lp.3a.wav.raw)
four seven nine two two (woman.lp.47922a.wav.raw)
five two four zero three one eight (woman.lp.524z318a.wav.raw)
five (woman.lp.5b.wav.raw)
six eight one (woman.lp.681a.wav.raw)
seven three four one three (woman.lp.73413a.wav.raw)
seven oh oh five (woman.lp.7oo5a.wav.raw)
eight (woman.lp.8a.wav.raw)
nine five three oh (woman.lp.953oa.wav.raw)
oh three five two three (woman.lp.o3523a.wav.raw)
oh (woman.lp.ob.wav.raw)
zero seven four eight (woman.lp.z748a.wav.raw)
one three eight three (woman.lr.1383a.wav.raw)
one (woman.lr.1b.wav.raw)
two (woman.lr.2a.wav.raw)
three six zero five (woman.lr.36z5a.wav.raw)
four one one five two zero eight (woman.lr.41152z8a.wav.raw)
four (woman.lr.4a.wav.raw)
five eight (woman.lr.58a.wav.raw)
six eight four eight (woman.lr.6848a.wav.raw)
six oh one oh seven (woman.lr.6o1o7a.wav.raw)
seven (woman.lr.7a.wav.raw)
eight six (woman.lr.86a.wav.raw)
nine one two two seven (woman.lr.91227a.wav.raw)
nine oh nine six oh oh nine (woman.lr.9o96oo9a.wav.raw)
oh seven four six (woman.lr.o746a.wav.raw)
zero four three two (woman.lr.z432a.wav.raw)
zero (woman.lr.zb.wav.raw)
one (woman.mc.1a.wav.raw)
two six six zero (woman.mc.266za.wav.raw)
three two four five (woman.mc.3245a.wav.raw)
three (woman.mc.3b.wav.raw)
four seven zero two one (woman.mc.47z21a.wav.raw)
five two four (woman.mc.524a.wav.raw)
five zero (woman.mc.5za.wav.raw)
six (woman.mc.6b.wav.raw)
seven five oh three two nine four (woman.mc.75o3294a.wav.raw)
eight one six oh (woman.mc.816oa.wav.raw)
eight (woman.mc.8b.wav.raw)
nine nine one four one one three (woman.mc.9914113a.wav.raw)
oh four (woman.mc.o4a.wav.raw)
oh (woman.mc.ob.wav.raw)
zero (woman.mc.za.wav.raw)
one seven one (woman.mj.171a.wav.raw)
two two five (woman.mj.225a.wav.raw)
two (woman.mj.2a.wav.raw)
three (woman.mj.3a.wav.raw)
four three seven six zero zero two (woman.mj.4376zz2a.wav.raw)
four zero (woman.mj.4za.wav.raw)
five nine six (woman.mj.596a.wav.raw)
six five four four (woman.mj.6544a.wav.raw)
seven two one six five (woman.mj.72165a.wav.raw)
seven (woman.mj.7a.wav.raw)
eight six zero eight (woman.mj.86z8a.wav.raw)
nine two zero seven five (woman.mj.92z75a.wav.raw)
nine (woman.mj.9b.wav.raw)
oh six six six (woman.mj.o666a.wav.raw)
zero five (woman.mj.z5a.wav.raw)
one one three three one eight seven (woman.ml.1133187a.wav.raw)
one (woman.ml.1b.wav.raw)
two (woman.ml.2a.wav.raw)
three five (woman.ml.35a.wav.raw)
three zero nine seven (woman.ml.3z97a.wav.raw)
four (woman.ml.4a.wav.raw)
five seven eight four four (woman.ml.57844a.wav.raw)
six five (woman.ml.65a.wav.raw)
six (woman.ml.6b.wav.raw)
seven six oh five four eight oh (woman.ml.76o548oa.wav.raw)
eight three (woman.ml.83a.wav.raw)
eight (woman.ml.8b.wav.raw)
nine nine oh (woman.ml.99oa.wav.raw)
oh four two (woman.ml.o42a.wav.raw)
zero one (woman.ml.z1a.wav.raw)
zero (woman.ml.zb.wav.raw)
one nine six zero (woman.na.196za.wav.raw)
two three three oh (woman.na.233oa.wav.raw)
two (woman.na.2b.wav.raw)
three nine seven (woman.na.397a.wav.raw)
four six oh two (woman.na.46o2a.wav.raw)
five two four nine (woman.na.5249a.wav.raw)
five (woman.na.5a.wav.raw)
six seven six (woman.na.676a.wav.raw)
seven eight six (woman.na.786a.wav.raw)
seven zero seven five (woman.na.7z75a.wav.raw)
eight eight (woman.na.88a.wav.raw)
nine eight (woman.na.98a.wav.raw)
oh three (woman.na.o3a.wav.raw)
oh (woman.na.ob.wav.raw)
zero six two six six eight seven (woman.na.z626687a.wav.raw)
one three nine seven six seven three (woman.nk.1397673a.wav.raw)
one zero two five zero (woman.nk.1z25za.wav.raw)
two (woman.nk.2a.wav.raw)
three six six four four (woman.nk.36644a.wav.raw)
four three six (woman.nk.436a.wav.raw)
four oh one six one (woman.nk.4o161a.wav.raw)
five six nine (woman.nk.569a.wav.raw)
six five seven zero (woman.nk.657za.wav.raw)
six zero (woman.nk.6za.wav.raw)
seven seven eight six oh three oh (woman.nk.7786o3oa.wav.raw)
eight five eight nine (woman.nk.8589a.wav.raw)
nine two two four one two one (woman.nk.9224121a.wav.raw)
nine oh six oh (woman.nk.9o6oa.wav.raw)
oh (woman.nk.oa.wav.raw)
zero five three one one (woman.nk.z5311a.wav.raw)
zero (woman.nk.zb.wav.raw)
one (woman.pf.1b.wav.raw)
two five seven eight two six six (woman.pf.2578266a.wav.raw)
three five zero one three (woman.pf.35z13a.wav.raw)
three oh four one (woman.pf.3o41a.wav.raw)
four nine seven oh three (woman.pf.497o3a.wav.raw)
five three one nine four (woman.pf.53194a.wav.raw)
five (woman.pf.5b.wav.raw)
six (woman.pf.6a.wav.raw)
seven four three (woman.pf.743a.wav.raw)
eight one oh four eight three two (woman.pf.81o4832a.wav.raw)
eight zero (woman.pf.8za.wav.raw)
nine (woman.pf.9b.wav.raw)
oh one seven oh (woman.pf.o17oa.wav.raw)
oh oh nine nine eight eight eight (woman.pf.oo99888a.wav.raw)
zero (woman.pf.za.wav.raw)
one seven five nine (woman.pj.1759a.wav.raw)
two three eight (woman.pj.238a.wav.raw)
two (woman.pj.2b.wav.raw)
three seven five three (woman.pj.3753a.wav.raw)
four four six oh eight oh six (woman.pj.446o8o6a.wav.raw)
four (woman.pj.4b.wav.raw)
five (woman.pj.5a.wav.raw)
six eight six seven four (woman.pj.68674a.wav.raw)
seven two (woman.pj.72a.wav.raw)
seven (woman.pj.7b.wav.raw)
eight four eight five six (woman.pj.84856a.wav.raw)
nine five zero zero (woman.pj.95zza.wav.raw)
nine oh seven (woman.pj.9o7a.wav.raw)
oh (woman.pj.oa.wav.raw)
zero seven one three six (woman.pj.z7136a.wav.raw)
one one (woman.pl.11a.wav.raw)
one (woman.pl.1b.wav.raw)
two nine (woman.pl.29a.wav.raw)
three eight four (woman.pl.384a.wav.raw)
three zero zero eight one seven eight (woman.pl.3zz8178a.wav.raw)
four (woman.pl.4b.wav.raw)
five eight eight three two two eight (woman.pl.5883228a.wav.raw)
six two oh one (woman.pl.62o1a.wav.raw)
six (woman.pl.6a.wav.raw)
seven (woman.pl.7a.wav.raw)
eight four eight nine two (woman.pl.84892a.wav.raw)
eight oh (woman.pl.8oa.wav.raw)
nine five oh nine (woman.pl.95o9a.wav.raw)
oh (woman.pl.oa.wav.raw)
zero two seven (woman.pl.z27a.wav.raw)
zero (woman.pl.za.wav.raw)
one nine seven (woman.pn.197a.wav.raw)
two seven nine five seven (woman.pn.27957a.wav.raw)
two zero three two (woman.pn.2z32a.wav.raw)
three (woman.pn.3a.wav.raw)
four five three eight zero (woman.pn.4538za.wav.raw)
five one six zero three four zero (woman.pn.516z34za.wav.raw)
five (woman.pn.5b.wav.raw)
six six zero (woman.pn.66za.wav.raw)
seven four zero nine nine two two (woman.pn.74z9922a.wav.raw)
seven (woman.pn.7b.wav.raw)
eight (woman.pn.8a.wav.raw)
nine six (woman.pn.96a.wav.raw)
oh six nine four (woman.pn.o694a.wav.raw)
oh (woman.pn.ob.wav.raw)
zero eight two (woman.pn.z82a.wav.raw)
one five (woman.pt.15a.wav.raw)
one zero (woman.pt.1za.wav.raw)
two seven six three (woman.pt.2763a.wav.raw)
three four (woman.pt.34a.wav.raw)
four two one three six zero zero (woman.pt.42136zza.wav.raw)
four oh (woman.pt.4oa.wav.raw)
five nine two six (woman.pt.5926a.wav.raw)
six five oh (woman.pt.65oa.wav.raw)
six oh oh (woman.pt.6ooa.wav.raw)
seven (woman.pt.7b.wav.raw)
eight eight zero seven one four one (woman.pt.88z7141a.wav.raw)
nine one six eight (woman.pt.9168a.wav.raw)
nine (woman.pt.9b.wav.raw)
oh seven eight one seven (woman.pt.o7817a.wav.raw)
zero four (woman.pt.z4a.wav.raw)
zero (woman.pt.zb.wav.raw)
one eight (woman.rg.18a.wav.raw)
two three three eight three six seven (woman.rg.2338367a.wav.raw)
three one nine (woman.rg.319a.wav.raw)
three zero four nine (woman.rg.3z49a.wav.raw)
four (woman.rg.4a.wav.raw)
five four two (woman.rg.542a.wav.raw)
five (woman.rg.5b.wav.raw)
six (woman.rg.6a.wav.raw)
seven five one six (woman.rg.7516a.wav.raw)
eight one two four (woman.rg.8124a.wav.raw)
eight (woman.rg.8b.wav.raw)
nine eight (woman.rg.98a.wav.raw)
oh five four nine (woman.rg.o549a.wav.raw)
oh oh oh eight two four oh (woman.rg.ooo824oa.wav.raw)
zero (woman.rg.zb.wav.raw)
one five (woman.rl.15a.wav.raw)
two one one seven oh (woman.rl.2117oa.wav.raw)
two (woman.rl.2b.wav.raw)
three eight two oh five eight four (woman.rl.382o584a.wav.raw)
four two six nine two two seven (woman.rl.4269227a.wav.raw)
four zero zero eight eight (woman.rl.4zz88a.wav.raw)
five (woman.rl.5a.wav.raw)
six seven nine five (woman.rl.6795a.wav.raw)
seven one seven six zero (woman.rl.7176za.wav.raw)
seven (woman.rl.7b.wav.raw)
eight nine one nine five (woman.rl.89195a.wav.raw)
nine six two zero four four three (woman.rl.962z443a.wav.raw)
nine zero (woman.rl.9za.wav.raw)
oh (woman.rl.oa.wav.raw)
zero five nine three one (woman.rl.z5931a.wav.raw)
one two three one three seven four (woman.rm.1231374a.wav.raw)
one oh seven (woman.rm.1o7a.wav.raw)
two nine zero three eight one one (woman.rm.29z3811a.wav.raw)
three five nine zero (woman.rm.359za.wav.raw)
three (woman.rm.3b.wav.raw)
four (woman.rm.4a.wav.raw)
five two (woman.rm.52a.wav.raw)
six one two five four (woman.rm.61254a.wav.raw)
six (woman.rm.6b.wav.raw)
seven six (woman.rm.76a.wav.raw)
eight five five eight five (woman.rm.85585a.wav.raw)
eight zero three four (woman.rm.8z34a.wav.raw)
nine nine (woman.rm.99a.wav.raw)
oh four three three oh six eight (woman.rm.o433o68a.wav.raw)
zero one (woman.rm.z1a.wav.raw)
zero (woman.rm.za.wav.raw)
one six oh oh nine three one (woman.si.16oo931a.wav.raw)
two five six (woman.si.256a.wav.raw)
two oh two four four (woman.si.2o244a.wav.raw)
three nine two (woman.si.392a.wav.raw)
four five one three five (woman.si.45135a.wav.raw)
five two three oh (woman.si.523oa.wav.raw)
five (woman.si.5a.wav.raw)
six six one (woman.si.661a.wav.raw)
seven two four (woman.si.724a.wav.raw)
seven (woman.si.7b.wav.raw)
eight (woman.si.8b.wav.raw)
nine nine four six zero (woman.si.9946za.wav.raw)
oh three (woman.si.o3a.wav.raw)
oh oh five three one three oh (woman.si.oo5313oa.wav.raw)
zero six zero nine zero (woman.si.z6z9za.wav.raw)
one eight eight (woman.sm.188a.wav.raw)
one zero five seven zero eight five (woman.sm.1z57z85a.wav.raw)
two (woman.sm.2a.wav.raw)
three seven eight zero three (woman.sm.378z3a.wav.raw)
four one zero (woman.sm.41za.wav.raw)
four (woman.sm.4b.wav.raw)
five (woman.sm.5a.wav.raw)
six three (woman.sm.63a.wav.raw)
six (woman.sm.6b.wav.raw)
seven nine oh nine (woman.sm.79o9a.wav.raw)
eight three three six five (woman.sm.83365a.wav.raw)
nine one (woman.sm.91a.wav.raw)
nine zero four zero (woman.sm.9z4za.wav.raw)
oh eight five (woman.sm.o85a.wav.raw)
zero eight seven three (woman.sm.z873a.wav.raw)
zero zero six six five five two (woman.sm.zz66552a.wav.raw)
one (woman.sn.1a.wav.raw)
two four six one four (woman.sn.24614a.wav.raw)
three two zero zero (woman.sn.32zza.wav.raw)
three oh seven six one (woman.sn.3o761a.wav.raw)
four nine one six (woman.sn.4916a.wav.raw)
five six nine one oh (woman.sn.5691oa.wav.raw)
five zero one five zero five seven (woman.sn.5z15z57a.wav.raw)
six (woman.sn.6b.wav.raw)
seven five five nine two seven nine (woman.sn.7559279a.wav.raw)
eight five two three five oh five (woman.sn.85235o5a.wav.raw)
eight (woman.sn.8b.wav.raw)
nine nine (woman.sn.99a.wav.raw)
oh three oh oh seven (woman.sn.o3oo7a.wav.raw)
oh oh oh two eight seven eight (woman.sn.ooo2878a.wav.raw)
zero (woman.sn.za.wav.raw)
one eight four four (woman.tb.1844a.wav.raw)
two four three seven eight zero zero (woman.tb.24378zza.wav.raw)
two (woman.tb.2a.wav.raw)
three (woman.tb.3b.wav.raw)
four three four five (woman.tb.4345a.wav.raw)
four (woman.tb.4b.wav.raw)
five oh (woman.tb.5oa.wav.raw)
six four nine four zero (woman.tb.6494za.wav.raw)
seven one (woman.tb.71a.wav.raw)
seven (woman.tb.7a.wav.raw)
eight seven four seven (woman.tb.8747a.wav.raw)
nine five six nine eight (woman.tb.95698a.wav.raw)
nine oh two oh (woman.tb.9o2oa.wav.raw)
oh (woman.tb.ob.wav.raw)
zero eight zero (woman.tb.z8za.wav.raw)
