general
general
general
general
general
general
general
general
general
general
general
general
general
general
general
general
general
general
general
general
general
general
general
general
general
general
general
general
general
general
general
general
general
general
general
general
general
general
general
general
general
general
general
general
general
general
general
general
general
general
general
general
general
general
general
general
general
general
general
general
general
general
general
general
general
general
general
general
general
general
general
general
general
general
general
general
general
general
general
general
general
general
general
general
general
general
general
general
general
general
general
general
general
general
general
general
general
general
general
general
general
general
general
general
general
general
general
general
general
general
general
general
general
general
general
general
general
general
general
general
general
general
general
general
general
general
general
general
general
general
general
general
general
general
general
general
general
general
general
general
general
general
general
general
general
general
general
general
general
general
inform_epilogue
inform_epilogue
inform_epilogue
query_confirm_flight
query_confirm
query_preferred_airport
query_preferred_airport
query_depart_date
query_depart_date
general
query_depart_time
query_depart_time
query_arrive_city
query_arrive_city
query_arrive_city
query_arrive_city
query_go_on
inform_epilogue
inform_epilogue
query_confirm_flight
query_confirm_flight
query_confirm_flight
query_confirm
query_confirm
query_preferred_airport
query_confirm
general
general
query_return
query_depart_time
query_return
query_arrive_city
general
inform_epilogue
inform_epilogue
query_confirm_flight
query_arrive_city
inform_epilogue
inform_epilogue
inform_epilogue
query_confirm_flight
query_confirm
query_preferred_airport
query_confirm_flight
unhappy_excuse_me
query_confirm
general
general
query_return
query_depart_time
query_return
query_arrive_city
general
query_go_on
inform_epilogue
inform_epilogue
inform_epilogue
inform_epilogue
inform_epilogue
inform_epilogue
query_confirm_flight
query_summary
unhappy_excuse_me
query_confirm
query_preferred_airport
query_confirm_flight
unhappy_excuse_me
query_confirm
general
general
query_return
query_depart_time
query_go_on
general
inform_epilogue
inform_epilogue
inform_epilogue
query_confirm_flight
unhappy_excuse_me
unhappy_excuse_me
query_confirm
query_preferred_airport
query_confirm_flight
unhappy_excuse_me
query_confirm
general
general
query_return
general
query_depart_time
general
query_depart_time
general
general
general
general
general
general
query_return
general
query_return
query_arrive_city
general
general
general
general
inform_epilogue
inform_epilogue
query_confirm_flight
unhappy_excuse_me
query_confirm
query_preferred_airport
query_preferred_airport
query_preferred_airport
query_preferred_airport
general
query_go_on
inform_epilogue
inform_epilogue
inform_epilogue
query_confirm_flight
query_confirm
query_preferred_airport
query_confirm_flight
query_summary
query_confirm
general
general
query_return
query_depart_time
query_depart_time
general
general
inform_epilogue
inform_epilogue
inform_epilogue
query_confirm_flight
query_confirm_flight
query_confirm
query_preferred_airport
query_confirm_flight
query_confirm
general
general
query_return
query_depart_time
query_return
query_arrive_city
inform_epilogue
inform_epilogue
inform_epilogue
inform_epilogue
inform_epilogue
query_confirm_flight
query_confirm
query_confirm
query_confirm_flight
query_arrive_city
query_arrive_city
inform_epilogue
inform_epilogue
inform_epilogue
inform_epilogue
inform_epilogue
inform_epilogue
general
query_confirm_flight
unhappy_excuse_me
query_confirm
query_preferred_airport
query_depart_date
general
general
query_return
query_depart_time
query_return
query_arrive_city
inform_epilogue
query_arrive_city
query_arrive_city
inform_epilogue
inform_epilogue
query_confirm_flight
query_summary
unhappy_excuse_me
query_confirm
query_confirm
query_confirm
query_confirm
query_confirm
query_confirm
query_confirm
query_confirm
query_confirm
query_confirm
query_summary
query_summary
query_confirm
query_preferred_airport
query_confirm_flight
unhappy_excuse_me
unhappy_excuse_me
unhappy_excuse_me
unhappy_excuse_me
unhappy_excuse_me
query_confirm_flight
general
query_confirm_flight
query_confirm_flight
query_confirm_flight
query_confirm_flight
query_confirm_flight
query_confirm_flight
query_confirm_flight
unhappy_excuse_me
unhappy_excuse_me
query_confirm_flight
query_confirm_flight
unhappy_excuse_me
general
query_confirm
general
general
query_return
query_depart_time
query_depart_time
query_depart_time
query_depart_time
query_depart_time
query_depart_time
query_depart_time
query_depart_time
query_summary
query_summary
query_summary
general
query_summary
query_summary
query_summary
query_summary
general
general
general
general
general
general
general
general
general
general
general
general
general
general
general
general
general
general
general
general
general
general
general
general
general
general
general
general
general
general
general
general
general
general
general
general
general
general
general
general
general
general
general
general
general
general
general
general
general
general
general
general
general
general
general
general
general
general
general
general
general
general
general
general
general
general
general
general
general
general
general
general
general
general
general
general
general
general
general
general
general
general
general
general
general
general
inform_epilogue
inform_epilogue
query_confirm_flight
query_confirm_flight
unhappy_excuse_me
unhappy_excuse_me
query_confirm_flight
query_confirm_flight
query_confirm_flight
unhappy_excuse_me
query_confirm
query_preferred_airport
query_preferred_airport
query_preferred_airport
query_confirm_flight
unhappy_excuse_me
query_confirm
general
general
general
query_return
query_depart_time
query_depart_time
query_depart_time
query_return
query_depart_time
query_depart_time
query_depart_time
query_return
general
query_arrive_city
query_arrive_city
query_go_on
inform_epilogue
inform_epilogue
inform_epilogue
inform_epilogue
inform_epilogue
query_summary
inform_epilogue
inform_epilogue
query_confirm_flight
general
unhappy_excuse_me
query_confirm_flight
general
query_confirm
query_confirm
query_preferred_airport
query_depart_date
general
general
query_return
query_depart_time
query_return
query_arrive_city
general
general
inform_epilogue
inform_epilogue
query_confirm_flight
query_confirm
query_preferred_airport
general
query_depart_date
query_depart_date
general
general
query_return
query_depart_time
query_return
query_arrive_city
general
general
general
general
general
general
general
general
general
general
general
general
general
general
general
general
general
general
general
general
general
general
general
inform_epilogue
inform_epilogue
inform_epilogue
query_arrive_city
inform_epilogue
inform_epilogue
inform_epilogue
query_arrive_city
general
general
general
query_arrive_city
inform_epilogue
inform_epilogue
inform_epilogue
inform_epilogue
inform_epilogue
general
general
general
general
general
general
general
general
general
general
general
general
general
general
general
general
general
general
inform_epilogue
inform_epilogue
inform_epilogue
query_confirm_flight
unhappy_excuse_me
inform_epilogue
unhappy_excuse_me
query_confirm
query_preferred_airport
unhappy_excuse_me
unhappy_excuse_me
query_confirm
query_confirm
general
general
general
query_return
query_depart_time
query_return
query_go_on
inform_epilogue
inform_epilogue
query_confirm_flight
general
general
query_confirm
query_confirm
query_confirm
query_confirm
query_preferred_airport
query_depart_date
general
general
query_return
query_depart_time
query_return
query_return
inform_epilogue
inform_epilogue
query_confirm_flight
query_confirm
query_preferred_airport
query_depart_date
inform_epilogue
query_confirm_flight
query_confirm
query_preferred_airport
query_depart_date
general
general
general
general
query_return
query_depart_time
query_return
inform_epilogue
inform_epilogue
unhappy_excuse_me
query_confirm
query_preferred_airport
query_preferred_airport
query_preferred_airport
query_confirm
query_confirm
general
general
general
general
query_return
query_depart_time
query_return
query_arrive_city
inform_epilogue
inform_epilogue
general
inform_epilogue
inform_epilogue
query_confirm_flight
query_confirm_flight
query_confirm_flight
query_confirm_flight
query_confirm_flight
query_confirm_flight
query_confirm_flight
query_confirm
query_preferred_airport
general
query_confirm_flight
query_summary
unhappy_excuse_me
query_confirm
general
general
general
general
general
general
query_return
query_depart_time
query_return
query_arrive_city
query_arrive_city
hotel_all
inform_epilogue
inform_epilogue
query_confirm_flight
unhappy_excuse_me
unhappy_excuse_me
query_confirm
query_preferred_airport
query_preferred_airport
query_depart_date
general
general
query_return
query_depart_time
general
query_go_on
inform_epilogue
inform_epilogue
inform_epilogue
inform_epilogue
query_confirm_flight
query_confirm_flight
query_confirm
query_preferred_airport
query_confirm_flight
query_summary
query_confirm
general
general
general
general
query_return
general
query_depart_time
query_return
query_arrive_city
general
inform_epilogue
inform_epilogue
query_confirm_flight
query_confirm
query_preferred_airport
query_confirm_flight
query_confirm
general
general
query_return
query_depart_time
query_return
query_return
query_arrive_city
query_arrive_city
hotel_all
inform_epilogue
inform_epilogue
inform_epilogue
inform_epilogue
query_summary
inform_epilogue
inform_epilogue
inform_epilogue
inform_epilogue
inform_epilogue
query_confirm_flight
unhappy_excuse_me
query_confirm
query_preferred_airport
query_depart_date
general
general
query_return
query_depart_time
query_return
query_arrive_city
general
general
general
inform_epilogue
inform_epilogue
inform_epilogue
inform_epilogue
inform_epilogue
inform_epilogue
inform_epilogue
inform_epilogue
inform_epilogue
inform_epilogue
inform_epilogue
inform_epilogue
inform_epilogue
query_confirm_flight
query_summary
query_confirm
query_confirm
query_preferred_airport
query_confirm_flight
query_confirm_flight
query_confirm
general
general
general
query_return
query_return
query_depart_time
query_depart_time
query_depart_time
query_depart_time
query_return
query_return
query_return
query_summary
general
query_go_on
general
inform_epilogue
inform_epilogue
unhappy_excuse_me
query_confirm
query_preferred_airport
query_confirm_flight
query_summary
unhappy_excuse_me
query_confirm
query_confirm
general
general
query_return
query_depart_time
query_return
query_return
query_arrive_city
inform_epilogue
inform_epilogue
query_confirm_flight
query_confirm_flight
query_confirm
unhappy_excuse_me
query_confirm
query_preferred_airport
query_confirm_flight
query_summary
query_confirm
general
general
query_return
query_depart_time
query_return
query_arrive_city
query_go_on
inform_epilogue
inform_epilogue
inform_epilogue
inform_epilogue
inform_epilogue
inform_epilogue
query_confirm
query_preferred_airport
query_confirm_flight
query_confirm_flight
query_confirm_flight
query_confirm_flight
unhappy_excuse_me
query_confirm
general
general
general
general
query_return
query_depart_time
general
query_return
query_return
query_arrive_city
general
general
general
general
general
general
general
general
general
general
general
general
general
general
general
general
general
general
general
general
general
general
general
general
general
general
general
general
general
general
general
general
general
general
general
general
general
general
general
general
general
general
general
general
general
general
general
general
general
general
general
general
general
general
general
general
general
general
general
general
general
general
general
general
general
general
general
general
general
general
general
general
general
general
general
query_go_on
inform_epilogue
inform_epilogue
inform_epilogue
query_confirm_flight
unhappy_excuse_me
unhappy_excuse_me
unhappy_excuse_me
unhappy_excuse_me
query_confirm_flight
query_summary
query_summary
query_summary
general
general
inform_epilogue
inform_epilogue
inform_epilogue
query_confirm_flight
query_confirm
general
query_confirm
query_arrive_city
inform_epilogue
inform_epilogue
query_confirm_flight
query_confirm
query_confirm
query_confirm
query_arrive_city
query_preferred_airport
query_confirm_flight
query_confirm
general
general
query_return
query_depart_time
inform_epilogue
inform_epilogue
query_confirm_flight
query_confirm
query_confirm
query_confirm
query_confirm
query_confirm
query_confirm
query_confirm
query_confirm
query_preferred_airport
query_depart_date
general
general
query_return
general
query_return
query_depart_time
general
query_return
query_arrive_city
inform_epilogue
inform_epilogue
inform_epilogue
inform_epilogue
inform_epilogue
inform_epilogue
query_confirm_flight
unhappy_excuse_me
query_confirm
query_preferred_airport
query_confirm_flight
unhappy_excuse_me
query_confirm
query_confirm
general
general
query_return
query_depart_time
query_return
query_go_on
query_go_on
inform_epilogue
inform_epilogue
general
inform_epilogue
query_confirm_flight
query_confirm
query_preferred_airport
query_depart_date
general
general
query_return
query_depart_time
query_arrive_city
query_arrive_city
inform_epilogue
inform_epilogue
query_confirm_flight
unhappy_excuse_me
query_confirm
query_confirm
query_confirm
query_confirm
general
general
query_return
query_depart_time
query_return
query_arrive_city
query_go_on
inform_epilogue
inform_epilogue
query_confirm_flight
inform_epilogue
inform_epilogue
query_confirm
general
query_confirm
query_confirm
query_confirm
query_confirm
query_preferred_airport
query_preferred_airport
query_confirm_flight
query_confirm
query_confirm
general
query_summary
query_go_on
inform_epilogue
inform_epilogue
inform_epilogue
unhappy_excuse_me
query_arrive_city
inform_epilogue
inform_epilogue
query_confirm_flight
query_confirm
query_confirm
query_preferred_airport
query_confirm_flight
unhappy_excuse_me
unhappy_excuse_me
unhappy_excuse_me
query_confirm
general
general
query_return
query_depart_time
query_return
query_arrive_city
inform_epilogue
inform_epilogue
inform_epilogue
query_arrive_city
query_summary
query_arrive_city
query_arrive_city
inform_epilogue
inform_epilogue
query_confirm_flight
query_confirm
query_confirm
query_preferred_airport
query_confirm_flight
query_confirm
query_summary
general
general
general
query_return
general
query_depart_time
query_depart_time
general
inform_epilogue
inform_epilogue
query_confirm_flight
unhappy_excuse_me
unhappy_excuse_me
unhappy_excuse_me
query_confirm
query_preferred_airport
query_confirm_flight
query_confirm_flight
query_confirm
general
general
general
general
query_return
query_return
query_depart_time
query_return
query_arrive_city
query_go_on
inform_epilogue
inform_epilogue
query_confirm_flight
general
query_confirm
unhappy_excuse_me
query_confirm
query_preferred_airport
query_depart_date
general
general
query_return
general
query_depart_time
query_return
query_arrive_city
inform_epilogue
inform_epilogue
query_confirm_flight
unhappy_excuse_me
query_confirm
query_preferred_airport
query_confirm_flight
unhappy_excuse_me
query_confirm
query_confirm
query_confirm
general
general
general
query_return
general
query_return
query_return
query_return
query_arrive_city
general
general
inform_epilogue
inform_epilogue
inform_epilogue
query_confirm_flight
query_arrive_city
inform_epilogue
inform_epilogue
query_arrive_city
inform_epilogue
inform_epilogue
general
general
inform_epilogue
inform_epilogue
inform_epilogue
inform_epilogue
general
inform_epilogue
inform_epilogue
query_confirm
query_confirm
query_preferred_airport
query_confirm_flight
query_confirm_flight
query_confirm
query_confirm
general
general
general
general
general
general
query_return
query_return
query_return
query_depart_time
query_return
query_arrive_city
inform_epilogue
inform_epilogue
unhappy_excuse_me
general
query_confirm
query_confirm_flight
query_confirm_flight
query_confirm
query_preferred_airport
query_confirm_flight
query_confirm
general
general
general
query_return
query_depart_time
query_return
general
general
general
general
general
general
general
general
general
general
general
general
general
general
general
general
general
general
general
general
general
general
general
general
general
general
general
general
general
general
general
general
general
general
general
general
general
general
general
general
general
general
general
general
general
general
general
general
general
general
general
general
general
general
general
general
general
general
general
general
general
general
general
general
general
general
general
general
general
general
general
general
general
general
general
general
general
general
general
general
general
general
general
general
general
general
general
general
general
general
general
query_go_on
inform_epilogue
inform_epilogue
inform_epilogue
query_confirm_flight
query_confirm_flight
query_confirm_flight
general
query_go_on
general
inform_epilogue
inform_epilogue
query_confirm_flight
query_summary
general
unhappy_excuse_me
query_confirm
query_confirm
query_confirm
query_preferred_airport
query_confirm_flight
query_confirm
general
general
query_return
query_return
query_depart_time
query_return
query_arrive_city
query_arrive_city
query_go_on
inform_epilogue
inform_epilogue
inform_epilogue
inform_epilogue
inform_epilogue
query_confirm_flight
query_confirm
query_confirm
query_confirm
query_confirm
query_preferred_airport
general
general
general
general
query_return
query_depart_time
query_return
general
query_go_on
inform_epilogue
inform_epilogue
inform_epilogue
inform_epilogue
inform_epilogue
inform_epilogue
query_confirm_flight
query_confirm
query_preferred_airport
query_confirm_flight
query_confirm_flight
query_confirm_flight
query_confirm_flight
query_summary
query_go_on
inform_epilogue
inform_epilogue
inform_epilogue
general
inform_epilogue
inform_epilogue
inform_epilogue
query_confirm_flight
general
query_confirm_flight
unhappy_excuse_me
query_confirm
query_preferred_airport
query_confirm_flight
query_confirm_flight
query_confirm_flight
query_confirm
general
general
general
general
general
general
general
general
general
inform_epilogue
inform_epilogue
query_confirm_flight
unhappy_excuse_me
query_confirm
query_confirm
query_confirm
query_confirm
query_preferred_airport
query_confirm_flight
query_confirm
general
general
general
query_return
query_depart_time
query_return
query_arrive_city
query_return
query_arrive_city
inform_epilogue
inform_epilogue
inform_epilogue
query_confirm_flight
unhappy_excuse_me
query_confirm
query_confirm
query_preferred_airport
query_preferred_airport
query_preferred_airport
query_confirm_flight
query_confirm
general
general
query_return
query_depart_time
query_return
query_return
query_arrive_city
inform_epilogue
inform_epilogue
query_confirm_flight
unhappy_excuse_me
query_confirm
query_confirm
query_confirm
query_preferred_airport
query_confirm_flight
unhappy_excuse_me
query_confirm
query_confirm
query_confirm
general
general
general
general
general
general
general
query_return
query_depart_time
query_return
inform_epilogue
inform_epilogue
inform_epilogue
inform_epilogue
inform_epilogue
inform_epilogue
inform_epilogue
inform_epilogue
inform_epilogue
inform_epilogue
inform_epilogue
general
query_go_on
inform_epilogue
inform_epilogue
query_confirm_flight
unhappy_excuse_me
query_confirm
query_preferred_airport
query_depart_date
general
general
query_return
query_depart_time
query_return
query_arrive_city
inform_epilogue
inform_epilogue
query_confirm_flight
general
query_confirm
query_confirm
general
query_preferred_airport
query_depart_date
general
general
query_return
query_depart_time
query_return
query_arrive_city
inform_epilogue
inform_epilogue
query_confirm_flight
query_confirm
query_confirm
query_preferred_airport
query_confirm_flight
query_confirm
general
general
query_return
general
query_depart_time
query_return
general
general
inform_epilogue
general
general
query_go_on
inform_epilogue
inform_epilogue
inform_epilogue
inform_epilogue
inform_epilogue
inform_epilogue
inform_epilogue
query_confirm_flight
query_confirm_flight
query_confirm_flight
unhappy_excuse_me
query_confirm
query_preferred_airport
query_confirm_flight
unhappy_excuse_me
query_confirm
general
general
general
general
general
query_return
query_return
query_return
query_depart_time
query_depart_time
query_return
general
query_return
query_return
query_return
query_summary
query_summary
query_summary
general
query_return
query_return
general
query_summary
query_summary
inform_epilogue
inform_epilogue
query_confirm_flight
query_confirm
unhappy_excuse_me
unhappy_excuse_me
query_confirm
query_confirm
query_preferred_airport
query_depart_date
general
general
query_return
query_depart_time
general
query_go_on
inform_epilogue
inform_epilogue
inform_epilogue
inform_epilogue
inform_epilogue
query_summary
query_summary
inform_epilogue
inform_epilogue
inform_epilogue
query_confirm_flight
query_confirm_flight
unhappy_excuse_me
query_confirm
query_confirm
query_confirm_flight
query_confirm_flight
general
query_confirm
query_confirm
general
inform_epilogue
inform_epilogue
inform_epilogue
inform_epilogue
inform_epilogue
query_confirm_flight
unhappy_excuse_me
query_confirm
query_confirm
query_confirm
query_preferred_airport
query_confirm_flight
unhappy_excuse_me
unhappy_excuse_me
query_confirm
query_confirm
query_confirm
general
general
general
general
query_return
query_depart_time
query_return
query_arrive_city
inform_epilogue
inform_epilogue
inform_epilogue
inform_epilogue
query_confirm_flight
query_confirm
query_preferred_airport
query_confirm_flight
query_confirm
general
general
general
general
query_return
query_depart_time
query_return
query_return
inform_epilogue
inform_epilogue
query_confirm_flight
query_summary
query_confirm
query_preferred_airport
query_confirm_flight
query_confirm_flight
query_confirm_flight
query_arrive_city
inform_epilogue
inform_epilogue
query_confirm_flight
unhappy_excuse_me
query_confirm
query_preferred_airport
query_depart_date
general
general
query_return
query_depart_time
query_return
