SHOW LOCATIONS AND C-RATINGS FOR ALL DEPLOYED SUBS THAT WERE IN THEIR HOME PORTS APRIL FIVE (SB01)
SHOW LOCATIONS AND C-RATINGS FOR ALL DEPLOYED SUBS THAT WERE IN THEIR HOME PORTS APRIL FIVE (SB01)
SHOW LOCATIONS AND C-RATINGS FOR ALL DEPLOYED SUBS THAT WERE IN THEIR HOME PORTS APRIL FIVE (SB01)
SHOW LOCATIONS AND C-RATINGS FOR ALL DEPLOYED SUBS THAT WERE IN THEIR HOME PORTS APRIL FIVE (SB01)
SHOW LOCATIONS AND C-RATINGS FOR ALL DEPLOYED SUBS THAT WERE IN THEIR HOME PORTS APRIL FIVE (SB01)
SHOW LOCATIONS AND C-RATINGS FOR ALL DEPLOYED SUBS THAT WERE IN THEIR HOME PORTS APRIL FIVE (SB01)
SHOW LOCATIONS AND C-RATINGS FOR ALL DEPLOYED SUBS THAT WERE IN THEIR HOME PORTS APRIL FIVE (SB01)
SHOW LOCATIONS AND C-RATINGS FOR ALL DEPLOYED SUBS THAT WERE IN THEIR HOME PORTS APRIL FIVE (SB01)
SHOW LOCATIONS AND C-RATINGS FOR ALL DEPLOYED SUBS THAT WERE IN THEIR HOME PORTS APRIL FIVE (SB01)
SHOW LOCATIONS AND C-RATINGS FOR ALL DEPLOYED SUBS THAT WERE IN THEIR HOME PORTS APRIL FIVE (SB01)
SHOW LOCATIONS AND C-RATINGS FOR ALL DEPLOYED SUBS THAT WERE IN THEIR HOME PORTS APRIL FIVE (SB01)
SHOW LOCATIONS AND C-RATINGS FOR ALL DEPLOYED SUBS THAT WERE IN THEIR HOME PORTS APRIL FIVE (SB01)
SHOW LOCATIONS AND C-RATINGS FOR ALL DEPLOYED SUBS THAT WERE IN THEIR HOME PORTS APRIL FIVE (SB01)
SHOW LOCATIONS AND C-RATINGS FOR ALL DEPLOYED SUBS THAT WERE IN THEIR HOME PORTS APRIL FIVE (SB01)
SHOW LOCATIONS AND C-RATINGS FOR ALL DEPLOYED SUBS THAT WERE IN THEIR HOME PORTS APRIL FIVE (SB01)
SHOW LOCATIONS AND C-RATINGS FOR ALL DEPLOYED SUBS THAT WERE IN THEIR HOME PORTS APRIL FIVE (SB01)
SHOW LOCATIONS AND C-RATINGS FOR ALL DEPLOYED SUBS THAT WERE IN THEIR HOME PORTS APRIL FIVE (SB01)
SHOW LOCATIONS AND C-RATINGS FOR ALL DEPLOYED SUBS THAT WERE IN THEIR HOME PORTS APRIL FIVE (SB01)
SHOW LOCATIONS AND C-RATINGS FOR ALL DEPLOYED SUBS THAT WERE IN THEIR HOME PORTS APRIL FIVE (SB01)
SHOW LOCATIONS AND C-RATINGS FOR ALL DEPLOYED SUBS THAT WERE IN THEIR HOME PORTS APRIL FIVE (SB01)
